Archive member included to satisfy reference by file (symbol)

C:\Users\neutron\Dropbox\AVR\neo_arduino_core_101\neo_arduino_core_101\Release\libneo_arduino_core_101.a(fifo.o)
                              Rotary_Encoder.o (_ZN4fifo7isEmptyEv)
C:\Users\neutron\Dropbox\AVR\neo_arduino_core_101\neo_arduino_core_101\Release\libneo_arduino_core_101.a(GPIO.o)
                              main.o (_ZN4GPIO16setInputPullDownEv)
C:\Users\neutron\Dropbox\AVR\neo_arduino_core_101\neo_arduino_core_101\Release\libneo_arduino_core_101.a(HardwareSerial.o)
                              main.o (Serial)
C:\Users\neutron\Dropbox\AVR\neo_arduino_core_101\neo_arduino_core_101\Release\libneo_arduino_core_101.a(i2c.o)
                              main.o (_Z8i2c_initm)
C:\Users\neutron\Dropbox\AVR\neo_arduino_core_101\neo_arduino_core_101\Release\libneo_arduino_core_101.a(new.o)
                              Rotary_Encoder.o (_Znwj)
C:\Users\neutron\Dropbox\AVR\neo_arduino_core_101\neo_arduino_core_101\Release\libneo_arduino_core_101.a(Print.o)
                              Adafruit_PCD8544/Adafruit_GFX.o (_ZN5Print5writeEPKhj)
C:\Users\neutron\Dropbox\AVR\neo_arduino_core_101\neo_arduino_core_101\Release\libneo_arduino_core_101.a(SPI.o)
                              Adafruit_PCD8544/Adafruit_PCD8544.o (_ZN8SPIClass5beginEv)
C:\Users\neutron\Dropbox\AVR\neo_arduino_core_101\neo_arduino_core_101\Release\libneo_arduino_core_101.a(wiring.o)
                              main.o (timer0_millis)
C:\Users\neutron\Dropbox\AVR\neo_arduino_core_101\neo_arduino_core_101\Release\libneo_arduino_core_101.a(wiring_digital.o)
                              Adafruit_PCD8544/Adafruit_PCD8544.o (pinMode)
C:\Users\neutron\Dropbox\AVR\neo_arduino_core_101\neo_arduino_core_101\Release\libneo_arduino_core_101.a(WString.o)
                              C:\Users\neutron\Dropbox\AVR\neo_arduino_core_101\neo_arduino_core_101\Release\libneo_arduino_core_101.a(Print.o) (_ZNK6StringixEj)
c:/program files (x86)/atmel/studio/7.0/toolchain/avr8/avr8-gnu-toolchain/bin/../lib/gcc/avr/5.4.0/../../../../avr/lib/avr5\libm.a(addsf3.o)
                              main.o (__subsf3)
c:/program files (x86)/atmel/studio/7.0/toolchain/avr8/avr8-gnu-toolchain/bin/../lib/gcc/avr/5.4.0/../../../../avr/lib/avr5\libm.a(addsf3x.o)
                              c:/program files (x86)/atmel/studio/7.0/toolchain/avr8/avr8-gnu-toolchain/bin/../lib/gcc/avr/5.4.0/../../../../avr/lib/avr5\libm.a(addsf3.o) (__addsf3x)
c:/program files (x86)/atmel/studio/7.0/toolchain/avr8/avr8-gnu-toolchain/bin/../lib/gcc/avr/5.4.0/../../../../avr/lib/avr5\libm.a(cmpsf2.o)
                              C:\Users\neutron\Dropbox\AVR\neo_arduino_core_101\neo_arduino_core_101\Release\libneo_arduino_core_101.a(Print.o) (__ltsf2)
c:/program files (x86)/atmel/studio/7.0/toolchain/avr8/avr8-gnu-toolchain/bin/../lib/gcc/avr/5.4.0/../../../../avr/lib/avr5\libm.a(divsf3.o)
                              INA260/INA260.o (__divsf3)
c:/program files (x86)/atmel/studio/7.0/toolchain/avr8/avr8-gnu-toolchain/bin/../lib/gcc/avr/5.4.0/../../../../avr/lib/avr5\libm.a(divsf3x.o)
                              c:/program files (x86)/atmel/studio/7.0/toolchain/avr8/avr8-gnu-toolchain/bin/../lib/gcc/avr/5.4.0/../../../../avr/lib/avr5\libm.a(divsf3.o) (__divsf3x)
c:/program files (x86)/atmel/studio/7.0/toolchain/avr8/avr8-gnu-toolchain/bin/../lib/gcc/avr/5.4.0/../../../../avr/lib/avr5\libm.a(fixsfsi.o)
                              C:\Users\neutron\Dropbox\AVR\neo_arduino_core_101\neo_arduino_core_101\Release\libneo_arduino_core_101.a(Print.o) (__fixsfsi)
c:/program files (x86)/atmel/studio/7.0/toolchain/avr8/avr8-gnu-toolchain/bin/../lib/gcc/avr/5.4.0/../../../../avr/lib/avr5\libm.a(fixunssfsi.o)
                              INA260/INA260.o (__fixunssfsi)
c:/program files (x86)/atmel/studio/7.0/toolchain/avr8/avr8-gnu-toolchain/bin/../lib/gcc/avr/5.4.0/../../../../avr/lib/avr5\libm.a(floatsisf.o)
                              main.o (__floatunsisf)
c:/program files (x86)/atmel/studio/7.0/toolchain/avr8/avr8-gnu-toolchain/bin/../lib/gcc/avr/5.4.0/../../../../avr/lib/avr5\libm.a(fp_cmp.o)
                              c:/program files (x86)/atmel/studio/7.0/toolchain/avr8/avr8-gnu-toolchain/bin/../lib/gcc/avr/5.4.0/../../../../avr/lib/avr5\libm.a(cmpsf2.o) (__fp_cmp)
c:/program files (x86)/atmel/studio/7.0/toolchain/avr8/avr8-gnu-toolchain/bin/../lib/gcc/avr/5.4.0/../../../../avr/lib/avr5\libm.a(fp_inf.o)
                              c:/program files (x86)/atmel/studio/7.0/toolchain/avr8/avr8-gnu-toolchain/bin/../lib/gcc/avr/5.4.0/../../../../avr/lib/avr5\libm.a(addsf3x.o) (__fp_inf)
c:/program files (x86)/atmel/studio/7.0/toolchain/avr8/avr8-gnu-toolchain/bin/../lib/gcc/avr/5.4.0/../../../../avr/lib/avr5\libm.a(fp_nan.o)
[...]
Memory Configuration

Name             Origin             Length             Attributes
text             0x00000000         0x00020000         xr
data             0x00800060         0x0000ffa0         rw !x
eeprom           0x00810000         0x00010000         rw !x
fuse             0x00820000         0x00000003         rw !x
lock             0x00830000         0x00000400         rw !x
signature        0x00840000         0x00000400         rw !x
user_signatures  0x00850000         0x00000400         rw !x
*default*        0x00000000         0xffffffff

Linker script and memory map

Address of section .data set to 0x800100
LOAD C:/Program Files (x86)/Atmel/Studio/7.0/Packs/atmel/ATmega_DFP/1.2.209/gcc/dev/atmega328p/avr5/crtatmega328p.o
LOAD Adafruit_PCD8544/Adafruit_GFX.o
LOAD Adafruit_PCD8544/Adafruit_PCD8544.o
LOAD Adafruit_PCD8544/glcdfont.o
LOAD ADS1115/Adafruit_ADS1015.o
LOAD INA260/INA260.o
LOAD main.o
LOAD Rotary_Encoder.o
START GROUP
LOAD C:\Users\neutron\Dropbox\AVR\neo_arduino_core_101\neo_arduino_core_101\Release\libneo_arduino_core_101.a
LOAD c:/program files (x86)/atmel/studio/7.0/toolchain/avr8/avr8-gnu-toolchain/bin/../lib/gcc/avr/5.4.0/../../../../avr/lib/avr5\libm.a
END GROUP
LOAD c:/program files (x86)/atmel/studio/7.0/toolchain/avr8/avr8-gnu-toolchain/bin/../lib/gcc/avr/5.4.0/avr5\libgcc.a
LOAD c:/program files (x86)/atmel/studio/7.0/toolchain/avr8/avr8-gnu-toolchain/bin/../lib/gcc/avr/5.4.0/../../../../avr/lib/avr5\libm.a
START GROUP
LOAD c:/program files (x86)/atmel/studio/7.0/toolchain/avr8/avr8-gnu-toolchain/bin/../lib/gcc/avr/5.4.0/avr5\libgcc.a
LOAD c:/program files (x86)/atmel/studio/7.0/toolchain/avr8/avr8-gnu-toolchain/bin/../lib/gcc/avr/5.4.0/../../../../avr/lib/avr5\libm.a
LOAD c:/program files (x86)/atmel/studio/7.0/toolchain/avr8/avr8-gnu-toolchain/bin/../lib/gcc/avr/5.4.0/../../../../avr/lib/avr5\libc.a
LOAD C:/Program Files (x86)/Atmel/Studio/7.0/Packs/atmel/ATmega_DFP/1.2.209/gcc/dev/atmega328p/avr5\libatmega328p.a
END GROUP
                0x00020000                __TEXT_REGION_LENGTH__ = DEFINED (__TEXT_REGION_LENGTH__)?__TEXT_REGION_LENGTH__:0x20000
                0x0000ffa0                __DATA_REGION_LENGTH__ = DEFINED (__DATA_REGION_LENGTH__)?__DATA_REGION_LENGTH__:0xffa0
                0x00010000                __EEPROM_REGION_LENGTH__ = DEFINED (__EEPROM_REGION_LENGTH__)?__EEPROM_REGION_LENGTH__:0x10000
                [0x00000003]                __FUSE_REGION_LENGTH__ = DEFINED (__FUSE_REGION_LENGTH__)?__FUSE_REGION_LENGTH__:0x400
                0x00000400                __LOCK_REGION_LENGTH__ = DEFINED (__LOCK_REGION_LENGTH__)?__LOCK_REGION_LENGTH__:0x400
                0x00000400                __SIGNATURE_REGION_LENGTH__ = DEFINED (__SIGNATURE_REGION_LENGTH__)?__SIGNATURE_REGION_LENGTH__:0x400
                0x00000400                __USER_SIGNATURE_REGION_LENGTH__ = DEFINED (__USER_SIGNATURE_REGION_LENGTH__)?__USER_SIGNATURE_REGION_LENGTH__:0x400

.hash
 *(.hash)

.dynsym
 *(.dynsym)

.dynstr
 *(.dynstr)

.gnu.version
 *(.gnu.version)

.gnu.version_d
 *(.gnu.version_d)

.gnu.version_r
 *(.gnu.version_r)

.rel.init
 *(.rel.init)

.rela.init
 *(.rela.init)

.rel.text
 *(.rel.text)
 *(.rel.text.*)
 *(.rel.gnu.linkonce.t*)

.rela.text
 *(.rela.text)
 *(.rela.text.*)
 *(.rela.gnu.linkonce.t*)

.rel.fini
 *(.rel.fini)

.rela.fini
 *(.rela.fini)

.rel.rodata
 *(.rel.rodata)
 *(.rel.rodata.*)
 *(.rel.gnu.linkonce.r*)

.rela.rodata
 *(.rela.rodata)
 *(.rela.rodata.*)
 *(.rela.gnu.linkonce.r*)

.rel.data
 *(.rel.data)
 *(.rel.data.*)
 *(.rel.gnu.linkonce.d*)

.rela.data
 *(.rela.data)
 *(.rela.data.*)
 *(.rela.gnu.linkonce.d*)

.rel.ctors
 *(.rel.ctors)

.rela.ctors
 *(.rela.ctors)

.rel.dtors
 *(.rel.dtors)

.rela.dtors
 *(.rela.dtors)

.rel.got
 *(.rel.got)

.rela.got
 *(.rela.got)

.rel.bss
 *(.rel.bss)

.rela.bss
 *(.rela.bss)

.rel.plt
 *(.rel.plt)

.rela.plt
 *(.rela.plt)

.text           0x00000000     0x3600
 *(.vectors)
 .vectors       0x00000000       0x68 C:/Program Files (x86)/Atmel/Studio/7.0/Packs/atmel/ATmega_DFP/1.2.209/gcc/dev/atmega328p/avr5/crtatmega328p.o
                0x00000000                __vector_default
                0x00000000                __vectors
 *(.vectors)
 *(.progmem.gcc*)
                0x00000068                . = ALIGN (0x2)
                0x00000068                __trampolines_start = .
 *(.trampolines)
 .trampolines   0x00000068        0x0 linker stubs
 *(.trampolines*)
                0x00000068                __trampolines_end = .
 *libprintf_flt.a:*(.progmem.data)
 *libc.a:*(.progmem.data)
 *(.progmem*)
 .progmem.data._ZL4font
                0x00000068      0x4fb Adafruit_PCD8544/Adafruit_GFX.o
 .progmem.data._ZZ12initPlatformvE3__c
                0x00000563       0x15 main.o
 .progmem.data._ZZ15setCurrentLimitjE3__c
                0x00000578       0x2c main.o
 .progmem.data._ZZ10setVoltagejE3__c
                0x000005a4       0x26 main.o
 .progmem.data._ZZ4mainE3__c_0
                0x000005ca        0xf main.o
 .progmem.data._ZZ4mainE3__c
                0x000005d9        0xa main.o
 .progmem.data._ZZ13displayUpdateffE3__c_0
                0x000005e3        0x6 main.o
 .progmem.data._ZZ13displayUpdateffE3__c
                0x000005e9        0x6 main.o
 .progmem.data._ZZN14Rotary_Encoder6configEhhhE3__c
                0x000005ef       0x36 Rotary_Encoder.o
 .progmem.data.digital_pin_to_timer_PGM
                0x00000625       0x14 C:\Users\neutron\Dropbox\AVR\neo_arduino_core_101\neo_arduino_core_101\Release\libneo_arduino_core_101.a(wiring_digital.o)
                0x00000625                digital_pin_to_timer_PGM
 .progmem.data.digital_pin_to_bit_mask_PGM
                0x00000639       0x14 C:\Users\neutron\Dropbox\AVR\neo_arduino_core_101\neo_arduino_core_101\Release\libneo_arduino_core_101.a(wiring_digital.o)
                0x00000639                digital_pin_to_bit_mask_PGM
 .progmem.data.digital_pin_to_port_PGM
                0x0000064d       0x14 C:\Users\neutron\Dropbox\AVR\neo_arduino_core_101\neo_arduino_core_101\Release\libneo_arduino_core_101.a(wiring_digital.o)
                0x0000064d                digital_pin_to_port_PGM
 .progmem.data.port_to_output_PGM
                0x00000661        0xa C:\Users\neutron\Dropbox\AVR\neo_arduino_core_101\neo_arduino_core_101\Release\libneo_arduino_core_101.a(wiring_digital.o)
                0x00000661                port_to_output_PGM
 .progmem.data.port_to_mode_PGM
                0x0000066b        0xa C:\Users\neutron\Dropbox\AVR\neo_arduino_core_101\neo_arduino_core_101\Release\libneo_arduino_core_101.a(wiring_digital.o)
                0x0000066b                port_to_mode_PGM
                0x00000676                . = ALIGN (0x2)
 *fill*         0x00000675        0x1 
 *(.jumptables)
 *(.jumptables*)
 *(.lowtext)
 *(.lowtext*)
                0x00000676                __ctors_start = .
 *(.ctors)
 .ctors         0x00000676        0x2 main.o
 .ctors         0x00000678        0x2 C:\Users\neutron\Dropbox\AVR\neo_arduino_core_101\neo_arduino_core_101\Release\libneo_arduino_core_101.a(HardwareSerial.o)
                0x0000067a                __ctors_end = .
                0x0000067a                __dtors_start = .
 *(.dtors)
                0x0000067a                __dtors_end = .
 SORT(*)(.ctors)
 SORT(*)(.dtors)
 *(.init0)
 .init0         0x0000067a        0x0 C:/Program Files (x86)/Atmel/Studio/7.0/Packs/atmel/ATmega_DFP/1.2.209/gcc/dev/atmega328p/avr5/crtatmega328p.o
                0x0000067a                __init
 *(.init0)
 *(.init1)
 *(.init1)
 *(.init2)
 .init2         0x0000067a        0xc C:/Program Files (x86)/Atmel/Studio/7.0/Packs/atmel/ATmega_DFP/1.2.209/gcc/dev/atmega328p/avr5/crtatmega328p.o
 *(.init2)
 *(.init3)
 *(.init3)
 *(.init4)
 .init4         0x00000686       0x16 c:/program files (x86)/atmel/studio/7.0/toolchain/avr8/avr8-gnu-toolchain/bin/../lib/gcc/avr/5.4.0/avr5\libgcc.a(_copy_data.o)
                0x00000686                __do_copy_data
 .init4         0x0000069c       0x10 c:/program files (x86)/atmel/studio/7.0/toolchain/avr8/avr8-gnu-toolchain/bin/../lib/gcc/avr/5.4.0/avr5\libgcc.a(_clear_bss.o)
                0x0000069c                __do_clear_bss
 *(.init4)
 *(.init5)
 *(.init5)
 *(.init6)
 .init6         0x000006ac       0x16 c:/program files (x86)/atmel/studio/7.0/toolchain/avr8/avr8-gnu-toolchain/bin/../lib/gcc/avr/5.4.0/avr5\libgcc.a(_ctors.o)
                0x000006ac                __do_global_ctors
 *(.init6)
 *(.init7)
 *(.init7)
 *(.init8)
 *(.init8)
 *(.init9)
 .init9         0x000006c2        0x8 C:/Program Files (x86)/Atmel/Studio/7.0/Packs/atmel/ATmega_DFP/1.2.209/gcc/dev/atmega328p/avr5/crtatmega328p.o
 *(.init9)
 *(.text)
 .text          0x000006ca        0x4 C:/Program Files (x86)/Atmel/Studio/7.0/Packs/atmel/ATmega_DFP/1.2.209/gcc/dev/atmega328p/avr5/crtatmega328p.o
                0x000006ca                __vector_22
                0x000006ca                __vector_24
                0x000006ca                __vector_12
                0x000006ca                __bad_interrupt
                0x000006ca                __vector_6
                0x000006ca                __vector_23
                0x000006ca                __vector_25
                0x000006ca                __vector_11
                0x000006ca                __vector_13
                0x000006ca                __vector_17
                0x000006ca                __vector_7
                0x000006ca                __vector_9
                0x000006ca                __vector_2
                0x000006ca                __vector_21
                0x000006ca                __vector_15
                0x000006ca                __vector_8
                0x000006ca                __vector_14
                0x000006ca                __vector_10
                0x000006ca                __vector_20
                0x000006ce                . = ALIGN (0x2)
 *(.text.*)
 .text._ZN12Adafruit_GFX8drawLineEiiiij
                0x000006ce      0x164 Adafruit_PCD8544/Adafruit_GFX.o
                0x000006ce                _ZN12Adafruit_GFX8drawLineEiiiij
 .text._ZN12Adafruit_GFX8drawRectEiiiij
                0x00000832       0x9e Adafruit_PCD8544/Adafruit_GFX.o
                0x00000832                _ZN12Adafruit_GFX8drawRectEiiiij
 .text._ZN12Adafruit_GFX13drawFastVLineEiiij
                0x000008d0       0x2e Adafruit_PCD8544/Adafruit_GFX.o
                0x000008d0                _ZN12Adafruit_GFX13drawFastVLineEiiij
 .text._ZN12Adafruit_GFX13drawFastHLineEiiij
                0x000008fe       0x2c Adafruit_PCD8544/Adafruit_GFX.o
                0x000008fe                _ZN12Adafruit_GFX13drawFastHLineEiiij
 .text._ZN12Adafruit_GFX8fillRectEiiiij
                0x0000092a       0x6a Adafruit_PCD8544/Adafruit_GFX.o
                0x0000092a                _ZN12Adafruit_GFX8fillRectEiiiij
 .text._ZN12Adafruit_GFX10fillScreenEj
                0x00000994       0x3a Adafruit_PCD8544/Adafruit_GFX.o
                0x00000994                _ZN12Adafruit_GFX10fillScreenEj
 .text._ZN12Adafruit_GFX13invertDisplayEh
                0x000009ce        0x2 Adafruit_PCD8544/Adafruit_GFX.o
                0x000009ce                _ZN12Adafruit_GFX13invertDisplayEh
 .text._ZN12Adafruit_GFXC2Eii
                0x000009d0       0x3c Adafruit_PCD8544/Adafruit_GFX.o
                0x000009d0                _ZN12Adafruit_GFXC2Eii
                0x000009d0                _ZN12Adafruit_GFXC1Eii
 .text._ZN12Adafruit_GFX8drawCharEiihjjh
                0x00000a0c      0x1ae Adafruit_PCD8544/Adafruit_GFX.o
                0x00000a0c                _ZN12Adafruit_GFX8drawCharEiihjjh
 .text._ZN12Adafruit_GFX5writeEh
                0x00000bba       0xac Adafruit_PCD8544/Adafruit_GFX.o
                0x00000bba                _ZN12Adafruit_GFX5writeEh
 .text._ZN12Adafruit_GFX11setTextSizeEh
                0x00000c66        0xc Adafruit_PCD8544/Adafruit_GFX.o
                0x00000c66                _ZN12Adafruit_GFX11setTextSizeEh
 .text._ZN12Adafruit_GFX12setTextColorEj
                0x00000c72        0xc Adafruit_PCD8544/Adafruit_GFX.o
                0x00000c72                _ZN12Adafruit_GFX12setTextColorEj
 .text._ZN12Adafruit_GFX12setTextColorEjj
                0x00000c7e        0xc Adafruit_PCD8544/Adafruit_GFX.o
                0x00000c7e                _ZN12Adafruit_GFX12setTextColorEjj
 .text._ZN12Adafruit_GFX11setTextWrapEh
                0x00000c8a        0x6 Adafruit_PCD8544/Adafruit_GFX.o
                0x00000c8a                _ZN12Adafruit_GFX11setTextWrapEh
 .text._ZN12Adafruit_GFX11setRotationEh
                0x00000c90       0x2a Adafruit_PCD8544/Adafruit_GFX.o
                0x00000c90                _ZN12Adafruit_GFX11setRotationEh
 .text._ZN16Adafruit_PCD85449drawPixelEiij
                0x00000cba       0xd8 Adafruit_PCD8544/Adafruit_PCD8544.o
                0x00000cba                _ZN16Adafruit_PCD85449drawPixelEiij
 .text._ZN16Adafruit_PCD8544C2Eaaa
                0x00000d92       0x3e Adafruit_PCD8544/Adafruit_PCD8544.o
                0x00000d92                _ZN16Adafruit_PCD8544C2Eaaa
                0x00000d92                _ZN16Adafruit_PCD8544C1Eaaa
 .text._ZN16Adafruit_PCD854413isHardwareSPIEv
                0x00000dd0       0x14 Adafruit_PCD8544/Adafruit_PCD8544.o
                0x00000dd0                _ZN16Adafruit_PCD854413isHardwareSPIEv
 .text._ZN16Adafruit_PCD85448spiWriteEh
                0x00000de4       0x68 Adafruit_PCD8544/Adafruit_PCD8544.o
                0x00000de4                _ZN16Adafruit_PCD85448spiWriteEh
 .text._ZN16Adafruit_PCD85447commandEh
                0x00000e4c       0x40 Adafruit_PCD8544/Adafruit_PCD8544.o
                0x00000e4c                _ZN16Adafruit_PCD85447commandEh
 .text._ZN16Adafruit_PCD85447displayEv
                0x00000e8c       0x86 Adafruit_PCD8544/Adafruit_PCD8544.o
                0x00000e8c                _ZN16Adafruit_PCD85447displayEv
 .text._ZN16Adafruit_PCD85445beginEhh
                0x00000f12      0x11a Adafruit_PCD8544/Adafruit_PCD8544.o
                0x00000f12                _ZN16Adafruit_PCD85445beginEhh
 .text._ZN16Adafruit_PCD854412clearDisplayEv
                0x0000102c       0x28 Adafruit_PCD8544/Adafruit_PCD8544.o
                0x0000102c                _ZN16Adafruit_PCD854412clearDisplayEv
 .text._ZN16Adafruit_ADS1115C2Eh
                0x00001054       0x10 ADS1115/Adafruit_ADS1015.o
                0x00001054                _ZN16Adafruit_ADS1115C2Eh
                0x00001054                _ZN16Adafruit_ADS1115C1Eh
 .text._ZN6INA2605beginEh
                0x00001064        0x8 INA260/INA260.o
                0x00001064                _ZN6INA2605beginEh
 .text._ZN6INA26014readRegister16Eh
                0x0000106c       0x32 INA260/INA260.o
                0x0000106c                _ZN6INA26014readRegister16Eh
 .text._ZN6INA26016readShuntCurrentEv
                0x0000109e       0x2a INA260/INA260.o
                0x0000109e                _ZN6INA26016readShuntCurrentEv
 .text._ZN6INA26014readBusVoltageEv
                0x000010c8       0x2a INA260/INA260.o
                0x000010c8                _ZN6INA26014readBusVoltageEv
 .text._ZN6INA26015writeRegister16Ehj
                0x000010f2       0x28 INA260/INA260.o
                0x000010f2                _ZN6INA26015writeRegister16Ehj
 .text._ZN6INA2609configureE17INA260_averages_t20INA260_busConvTime_t22INA260_shuntConvTime_t13INA260_mode_t
                0x0000111a       0xa6 INA260/INA260.o
                0x0000111a                _ZN6INA2609configureE17INA260_averages_t20INA260_busConvTime_t22INA260_shuntConvTime_t13INA260_mode_t
 .text._Z13displayUpdateff
                0x000011c0      0x15e main.o
                0x000011c0                _Z13displayUpdateff
 .text._Z10setVoltagej
                0x0000131e      0x1b8 main.o
                0x0000131e                _Z10setVoltagej
 .text._Z15setCurrentLimitj
                0x000014d6      0x1de main.o
                0x000014d6                _Z15setCurrentLimitj
 .text.__vector_1
                0x000016b4       0x14 main.o
                0x000016b4                __vector_1
 .text._Z19i2c_internal_pullupb
                0x000016c8       0x5c main.o
                0x000016c8                _Z19i2c_internal_pullupb
 .text._Z12initPlatformv
                0x00001724       0x32 main.o
                0x00001724                _Z12initPlatformv
 .text.startup.main
                0x00001756      0x1a8 main.o
                0x00001756                main
 .text.startup._GLOBAL__sub_I_ina
                0x000018fe       0x22 main.o
 .text._ZN14Rotary_Encoder10encoderDirEv
                0x00001920       0x26 Rotary_Encoder.o
                0x00001920                _ZN14Rotary_Encoder10encoderDirEv
 .text._ZN14Rotary_Encoder8increaseEv
                0x00001946       0x30 Rotary_Encoder.o
                0x00001946                _ZN14Rotary_Encoder8increaseEv
 .text._ZN14Rotary_Encoder8decreaseEv
                0x00001976       0x30 Rotary_Encoder.o
                0x00001976                _ZN14Rotary_Encoder8decreaseEv
 .text._ZN14Rotary_Encoder20configure_attributesEjjjjh
                0x000019a6       0x26 Rotary_Encoder.o
                0x000019a6                _ZN14Rotary_Encoder20configure_attributesEjjjjh
 .text._ZN14Rotary_Encoder6configEhhh
                0x000019cc      0x208 Rotary_Encoder.o
                0x000019cc                _ZN14Rotary_Encoder6configEhhh
 .text._ZN14Rotary_EncoderC2Ehhh
                0x00001bd4        0x4 Rotary_Encoder.o
                0x00001bd4                _ZN14Rotary_EncoderC1Ehhh
                0x00001bd4                _ZN14Rotary_EncoderC2Ehhh
 .text._Z24isrDetectEncRotationCodeP8encProps
                0x00001bd8       0xa6 Rotary_Encoder.o
                0x00001bd8                _Z24isrDetectEncRotationCodeP8encProps
 .text.__vector_3
                0x00001c7e       0x5a Rotary_Encoder.o
                0x00001c7e                __vector_3
 .text.__vector_4
                0x00001cd8       0x5a Rotary_Encoder.o
                0x00001cd8                __vector_4
 .text.__vector_5
                0x00001d32       0x5a Rotary_Encoder.o
                0x00001d32                __vector_5
 .text._ZN9fifo_byte4initEi
                0x00001d8c       0x38 C:\Users\neutron\Dropbox\AVR\neo_arduino_core_101\neo_arduino_core_101\Release\libneo_arduino_core_101.a(fifo.o)
                0x00001d8c                _ZN9fifo_byte4initEi
 .text._ZN4fifo7isEmptyEv
                0x00001dc4       0x1a C:\Users\neutron\Dropbox\AVR\neo_arduino_core_101\neo_arduino_core_101\Release\libneo_arduino_core_101.a(fifo.o)
                0x00001dc4                _ZN4fifo7isEmptyEv
 .text._ZN9fifo_byteC2Ei
                0x00001dde        0xe C:\Users\neutron\Dropbox\AVR\neo_arduino_core_101\neo_arduino_core_101\Release\libneo_arduino_core_101.a(fifo.o)
                0x00001dde                _ZN9fifo_byteC1Ei
                0x00001dde                _ZN9fifo_byteC2Ei
 .text._ZN9fifo_byte5dequeEv
                0x00001dec       0x64 C:\Users\neutron\Dropbox\AVR\neo_arduino_core_101\neo_arduino_core_101\Release\libneo_arduino_core_101.a(fifo.o)
                0x00001dec                _ZN9fifo_byte5dequeEv
 .text._ZN9fifo_byte5enqueEh
                0x00001e50       0x66 C:\Users\neutron\Dropbox\AVR\neo_arduino_core_101\neo_arduino_core_101\Release\libneo_arduino_core_101.a(fifo.o)
                0x00001e50                _ZN9fifo_byte5enqueEh
 .text._ZN4GPIO11parsePinMapEh
                0x00001eb6       0x32 C:\Users\neutron\Dropbox\AVR\neo_arduino_core_101\neo_arduino_core_101\Release\libneo_arduino_core_101.a(GPIO.o)
                0x00001eb6                _ZN4GPIO11parsePinMapEh
 .text._ZN4GPIO16setInputPullDownEv
                0x00001ee8       0x3c C:\Users\neutron\Dropbox\AVR\neo_arduino_core_101\neo_arduino_core_101\Release\libneo_arduino_core_101.a(GPIO.o)
                0x00001ee8                _ZN4GPIO16setInputPullDownEv
 .text._ZN4GPIO14setInputPullUpEv
                0x00001f24       0x3a C:\Users\neutron\Dropbox\AVR\neo_arduino_core_101\neo_arduino_core_101\Release\libneo_arduino_core_101.a(GPIO.o)
                0x00001f24                _ZN4GPIO14setInputPullUpEv
 .text._ZN4GPIOC2Eh
                0x00001f5e        0x4 C:\Users\neutron\Dropbox\AVR\neo_arduino_core_101\neo_arduino_core_101\Release\libneo_arduino_core_101.a(GPIO.o)
                0x00001f5e                _ZN4GPIOC1Eh
                0x00001f5e                _ZN4GPIOC2Eh
 .text._ZN14HardwareSerial9availableEv
                0x00001f62       0x20 C:\Users\neutron\Dropbox\AVR\neo_arduino_core_101\neo_arduino_core_101\Release\libneo_arduino_core_101.a(HardwareSerial.o)
                0x00001f62                _ZN14HardwareSerial9availableEv
 .text._ZN14HardwareSerial4peekEv
                0x00001f82       0x38 C:\Users\neutron\Dropbox\AVR\neo_arduino_core_101\neo_arduino_core_101\Release\libneo_arduino_core_101.a(HardwareSerial.o)
                0x00001f82                _ZN14HardwareSerial4peekEv
 .text._ZN14HardwareSerial4readEv
                0x00001fba       0x40 C:\Users\neutron\Dropbox\AVR\neo_arduino_core_101\neo_arduino_core_101\Release\libneo_arduino_core_101.a(HardwareSerial.o)
                0x00001fba                _ZN14HardwareSerial4readEv
 .text._ZN14HardwareSerial5flushEv
                0x00001ffa       0x24 C:\Users\neutron\Dropbox\AVR\neo_arduino_core_101\neo_arduino_core_101\Release\libneo_arduino_core_101.a(HardwareSerial.o)
                0x00001ffa                _ZN14HardwareSerial5flushEv
 .text._ZN14HardwareSerial5writeEh
                0x0000201e       0x94 C:\Users\neutron\Dropbox\AVR\neo_arduino_core_101\neo_arduino_core_101\Release\libneo_arduino_core_101.a(HardwareSerial.o)
                0x0000201e                _ZN14HardwareSerial5writeEh
 .text._Z11serialEventv
                0x000020b2        0x2 C:\Users\neutron\Dropbox\AVR\neo_arduino_core_101\neo_arduino_core_101\Release\libneo_arduino_core_101.a(HardwareSerial.o)
                0x000020b2                _Z11serialEventv
 .text.__vector_18
                0x000020b4      0x12c C:\Users\neutron\Dropbox\AVR\neo_arduino_core_101\neo_arduino_core_101\Release\libneo_arduino_core_101.a(HardwareSerial.o)
                0x000020b4                __vector_18
 .text._Z14serialEventRunv
                0x000021e0       0x12 C:\Users\neutron\Dropbox\AVR\neo_arduino_core_101\neo_arduino_core_101\Release\libneo_arduino_core_101.a(HardwareSerial.o)
                0x000021e0                _Z14serialEventRunv
 .text.__vector_19
                0x000021f2       0x76 C:\Users\neutron\Dropbox\AVR\neo_arduino_core_101\neo_arduino_core_101\Release\libneo_arduino_core_101.a(HardwareSerial.o)
                0x000021f2                __vector_19
 .text._ZN14HardwareSerial16snoopModeDisableEv
                0x00002268       0x22 C:\Users\neutron\Dropbox\AVR\neo_arduino_core_101\neo_arduino_core_101\Release\libneo_arduino_core_101.a(HardwareSerial.o)
                0x00002268                _ZN14HardwareSerial16snoopModeDisableEv
 .text._ZN14HardwareSerial5beginEm
                0x0000228a      0x112 C:\Users\neutron\Dropbox\AVR\neo_arduino_core_101\neo_arduino_core_101\Release\libneo_arduino_core_101.a(HardwareSerial.o)
                0x0000228a                _ZN14HardwareSerial5beginEm
 .text.startup._GLOBAL__sub_I_rx_buffer
                0x0000239c       0x6e C:\Users\neutron\Dropbox\AVR\neo_arduino_core_101\neo_arduino_core_101\Release\libneo_arduino_core_101.a(HardwareSerial.o)
 .text._Z8i2c_initm
                0x0000240a       0x40 C:\Users\neutron\Dropbox\AVR\neo_arduino_core_101\neo_arduino_core_101\Release\libneo_arduino_core_101.a(i2c.o)
                0x0000240a                _Z8i2c_initm
 .text._Z9i2c_startv
                0x0000244a       0x78 C:\Users\neutron\Dropbox\AVR\neo_arduino_core_101\neo_arduino_core_101\Release\libneo_arduino_core_101.a(i2c.o)
                0x0000244a                _Z9i2c_startv
 .text._Z13i2c_rep_startv
                0x000024c2       0x78 C:\Users\neutron\Dropbox\AVR\neo_arduino_core_101\neo_arduino_core_101\Release\libneo_arduino_core_101.a(i2c.o)
                0x000024c2                _Z13i2c_rep_startv
 .text._Z12i2c_transmith
                0x0000253a       0x78 C:\Users\neutron\Dropbox\AVR\neo_arduino_core_101\neo_arduino_core_101\Release\libneo_arduino_core_101.a(i2c.o)
                0x0000253a                _Z12i2c_transmith
 .text._Z11i2c_receivehPh
                0x000025b2       0x80 C:\Users\neutron\Dropbox\AVR\neo_arduino_core_101\neo_arduino_core_101\Release\libneo_arduino_core_101.a(i2c.o)
                0x000025b2                _Z11i2c_receivehPh
 .text._Z12i2c_tx_sla_rh
                0x00002632        0x8 C:\Users\neutron\Dropbox\AVR\neo_arduino_core_101\neo_arduino_core_101\Release\libneo_arduino_core_101.a(i2c.o)
                0x00002632                _Z12i2c_tx_sla_rh
 .text._Z12i2c_tx_sla_wh
                0x0000263a        0x6 C:\Users\neutron\Dropbox\AVR\neo_arduino_core_101\neo_arduino_core_101\Release\libneo_arduino_core_101.a(i2c.o)
                0x0000263a                _Z12i2c_tx_sla_wh
 .text._Z9i2c_writehhPhh
                0x00002640       0x52 C:\Users\neutron\Dropbox\AVR\neo_arduino_core_101\neo_arduino_core_101\Release\libneo_arduino_core_101.a(i2c.o)
                0x00002640                _Z9i2c_writehhPhh
 .text._Z8i2c_readhhPhh
                0x00002692       0x7c C:\Users\neutron\Dropbox\AVR\neo_arduino_core_101\neo_arduino_core_101\Release\libneo_arduino_core_101.a(i2c.o)
                0x00002692                _Z8i2c_readhhPhh
 .text._Znwj    0x0000270e        0x4 C:\Users\neutron\Dropbox\AVR\neo_arduino_core_101\neo_arduino_core_101\Release\libneo_arduino_core_101.a(new.o)
                0x0000270e                _Znwj
 .text.__cxa_pure_virtual
                0x00002712        0x2 C:\Users\neutron\Dropbox\AVR\neo_arduino_core_101\neo_arduino_core_101\Release\libneo_arduino_core_101.a(new.o)
                0x00002712                __cxa_pure_virtual
 .text._ZN5Print5writeEPKhj
                0x00002714       0x50 C:\Users\neutron\Dropbox\AVR\neo_arduino_core_101\neo_arduino_core_101\Release\libneo_arduino_core_101.a(Print.o)
                0x00002714                _ZN5Print5writeEPKhj
 .text._ZN5Print5writeEPKc
                0x00002764       0x1e C:\Users\neutron\Dropbox\AVR\neo_arduino_core_101\neo_arduino_core_101\Release\libneo_arduino_core_101.a(Print.o)
                0x00002764                _ZN5Print5writeEPKc
 .text._ZN5Print5printEPK19__FlashStringHelper
                0x00002782       0x46 C:\Users\neutron\Dropbox\AVR\neo_arduino_core_101\neo_arduino_core_101\Release\libneo_arduino_core_101.a(Print.o)
                0x00002782                _ZN5Print5printEPK19__FlashStringHelper
 .text._ZN5Print5printEPKc
                0x000027c8        0x4 C:\Users\neutron\Dropbox\AVR\neo_arduino_core_101\neo_arduino_core_101\Release\libneo_arduino_core_101.a(Print.o)
                0x000027c8                _ZN5Print5printEPKc
 .text._ZN5Print5printEc
                0x000027cc        0xe C:\Users\neutron\Dropbox\AVR\neo_arduino_core_101\neo_arduino_core_101\Release\libneo_arduino_core_101.a(Print.o)
                0x000027cc                _ZN5Print5printEc
 .text._ZN5Print7printlnEv
                0x000027da       0x28 C:\Users\neutron\Dropbox\AVR\neo_arduino_core_101\neo_arduino_core_101\Release\libneo_arduino_core_101.a(Print.o)
                0x000027da                _ZN5Print7printlnEv
 .text._ZN5Print7printlnEPK19__FlashStringHelper
                0x00002802       0x24 C:\Users\neutron\Dropbox\AVR\neo_arduino_core_101\neo_arduino_core_101\Release\libneo_arduino_core_101.a(Print.o)
                0x00002802                _ZN5Print7printlnEPK19__FlashStringHelper
 .text._ZN5Print7printlnEPKc
                0x00002826       0x24 C:\Users\neutron\Dropbox\AVR\neo_arduino_core_101\neo_arduino_core_101\Release\libneo_arduino_core_101.a(Print.o)
                0x00002826                _ZN5Print7printlnEPKc
 .text._ZN5Print11printNumberEmh
                0x0000284a       0xac C:\Users\neutron\Dropbox\AVR\neo_arduino_core_101\neo_arduino_core_101\Release\libneo_arduino_core_101.a(Print.o)
                0x0000284a                _ZN5Print11printNumberEmh
 .text._ZN5Print5printEmi
                0x000028f6       0x1a C:\Users\neutron\Dropbox\AVR\neo_arduino_core_101\neo_arduino_core_101\Release\libneo_arduino_core_101.a(Print.o)
                0x000028f6                _ZN5Print5printEmi
 .text._ZN5Print5printEhi
                0x00002910        0xe C:\Users\neutron\Dropbox\AVR\neo_arduino_core_101\neo_arduino_core_101\Release\libneo_arduino_core_101.a(Print.o)
                0x00002910                _ZN5Print5printEhi
 .text._ZN5Print7printlnEhi
                0x0000291e       0x24 C:\Users\neutron\Dropbox\AVR\neo_arduino_core_101\neo_arduino_core_101\Release\libneo_arduino_core_101.a(Print.o)
                0x0000291e                _ZN5Print7printlnEhi
 .text._ZN5Print5printEji
                0x00002942        0xc C:\Users\neutron\Dropbox\AVR\neo_arduino_core_101\neo_arduino_core_101\Release\libneo_arduino_core_101.a(Print.o)
                0x00002942                _ZN5Print5printEji
 .text._ZN5Print7printlnEji
                0x0000294e       0x24 C:\Users\neutron\Dropbox\AVR\neo_arduino_core_101\neo_arduino_core_101\Release\libneo_arduino_core_101.a(Print.o)
                0x0000294e                _ZN5Print7printlnEji
 .text._ZN5Print5printEli
                0x00002972       0x90 C:\Users\neutron\Dropbox\AVR\neo_arduino_core_101\neo_arduino_core_101\Release\libneo_arduino_core_101.a(Print.o)
                0x00002972                _ZN5Print5printEli
 .text._ZN5Print5printEii
                0x00002a02        0xe C:\Users\neutron\Dropbox\AVR\neo_arduino_core_101\neo_arduino_core_101\Release\libneo_arduino_core_101.a(Print.o)
                0x00002a02                _ZN5Print5printEii
 .text._ZN5Print10printFloatEdh
                0x00002a10      0x124 C:\Users\neutron\Dropbox\AVR\neo_arduino_core_101\neo_arduino_core_101\Release\libneo_arduino_core_101.a(Print.o)
                0x00002a10                _ZN5Print10printFloatEdh
 .text._ZN5Print5printEdi
                0x00002b34        0x4 C:\Users\neutron\Dropbox\AVR\neo_arduino_core_101\neo_arduino_core_101\Release\libneo_arduino_core_101.a(Print.o)
                0x00002b34                _ZN5Print5printEdi
 .text._ZN5Print7printlnEdi
                0x00002b38       0x24 C:\Users\neutron\Dropbox\AVR\neo_arduino_core_101\neo_arduino_core_101\Release\libneo_arduino_core_101.a(Print.o)
                0x00002b38                _ZN5Print7printlnEdi
 .text._ZN8SPIClass5beginEv
                0x00002b5c       0x3e C:\Users\neutron\Dropbox\AVR\neo_arduino_core_101\neo_arduino_core_101\Release\libneo_arduino_core_101.a(SPI.o)
                0x00002b5c                _ZN8SPIClass5beginEv
 .text._ZN8SPIClass11setBitOrderEh
                0x00002b9a       0x12 C:\Users\neutron\Dropbox\AVR\neo_arduino_core_101\neo_arduino_core_101\Release\libneo_arduino_core_101.a(SPI.o)
                0x00002b9a                _ZN8SPIClass11setBitOrderEh
 .text._ZN8SPIClass11setDataModeEh
                0x00002bac        0xa C:\Users\neutron\Dropbox\AVR\neo_arduino_core_101\neo_arduino_core_101\Release\libneo_arduino_core_101.a(SPI.o)
                0x00002bac                _ZN8SPIClass11setDataModeEh
 .text._ZN8SPIClass15setClockDividerEh
                0x00002bb6       0x1e C:\Users\neutron\Dropbox\AVR\neo_arduino_core_101\neo_arduino_core_101\Release\libneo_arduino_core_101.a(SPI.o)
                0x00002bb6                _ZN8SPIClass15setClockDividerEh
 .text.__vector_16
                0x00002bd4       0x94 C:\Users\neutron\Dropbox\AVR\neo_arduino_core_101\neo_arduino_core_101\Release\libneo_arduino_core_101.a(wiring.o)
                0x00002bd4                __vector_16
 .text.millis   0x00002c68       0x18 C:\Users\neutron\Dropbox\AVR\neo_arduino_core_101\neo_arduino_core_101\Release\libneo_arduino_core_101.a(wiring.o)
                0x00002c68                millis
 .text.micros   0x00002c80       0x4a C:\Users\neutron\Dropbox\AVR\neo_arduino_core_101\neo_arduino_core_101\Release\libneo_arduino_core_101.a(wiring.o)
                0x00002c80                micros
 .text.delay    0x00002cca       0x4c C:\Users\neutron\Dropbox\AVR\neo_arduino_core_101\neo_arduino_core_101\Release\libneo_arduino_core_101.a(wiring.o)
                0x00002cca                delay
 .text.init     0x00002d16       0x76 C:\Users\neutron\Dropbox\AVR\neo_arduino_core_101\neo_arduino_core_101\Release\libneo_arduino_core_101.a(wiring.o)
                0x00002d16                init
 .text.turnOffPWM
                0x00002d8c       0x52 C:\Users\neutron\Dropbox\AVR\neo_arduino_core_101\neo_arduino_core_101\Release\libneo_arduino_core_101.a(wiring_digital.o)
 .text.pinMode  0x00002dde       0x78 C:\Users\neutron\Dropbox\AVR\neo_arduino_core_101\neo_arduino_core_101\Release\libneo_arduino_core_101.a(wiring_digital.o)
                0x00002dde                pinMode
 .text.digitalWrite
                0x00002e56       0x5e C:\Users\neutron\Dropbox\AVR\neo_arduino_core_101\neo_arduino_core_101\Release\libneo_arduino_core_101.a(wiring_digital.o)
                0x00002e56                digitalWrite
 .text.avr-libc.fplib
                0x00002eb4        0xe c:/program files (x86)/atmel/studio/7.0/toolchain/avr8/avr8-gnu-toolchain/bin/../lib/gcc/avr/5.4.0/../../../../avr/lib/avr5\libm.a(addsf3.o)
                0x00002eb4                __subsf3
                0x00002eb6                __addsf3
 .text.avr-libc.fplib
                0x00002ec2       0xcc c:/program files (x86)/atmel/studio/7.0/toolchain/avr8/avr8-gnu-toolchain/bin/../lib/gcc/avr/5.4.0/../../../../avr/lib/avr5\libm.a(addsf3x.o)
                0x00002ee4                __addsf3x
 .text.avr-libc.fplib
                0x00002f8e        0xa c:/program files (x86)/atmel/studio/7.0/toolchain/avr8/avr8-gnu-toolchain/bin/../lib/gcc/avr/5.4.0/../../../../avr/lib/avr5\libm.a(cmpsf2.o)
                0x00002f8e                __nesf2
                0x00002f8e                __eqsf2
                0x00002f8e                __cmpsf2
                0x00002f8e                __ltsf2
                0x00002f8e                __lesf2
 .text.avr-libc.fplib
                0x00002f98        0x8 c:/program files (x86)/atmel/studio/7.0/toolchain/avr8/avr8-gnu-toolchain/bin/../lib/gcc/avr/5.4.0/../../../../avr/lib/avr5\libm.a(divsf3.o)
                0x00002f98                __divsf3
 .text.avr-libc.fplib
                0x00002fa0       0xdc c:/program files (x86)/atmel/studio/7.0/toolchain/avr8/avr8-gnu-toolchain/bin/../lib/gcc/avr/5.4.0/../../../../avr/lib/avr5\libm.a(divsf3x.o)
                0x00002fc0                __divsf3x
                0x00002fc6                __divsf3_pse
 .text.avr-libc.fplib
                0x0000307c        0xe c:/program files (x86)/atmel/studio/7.0/toolchain/avr8/avr8-gnu-toolchain/bin/../lib/gcc/avr/5.4.0/../../../../avr/lib/avr5\libm.a(fixsfsi.o)
                0x0000307c                __fixsfsi
 .text.avr-libc.fplib
                0x0000308a       0x5e c:/program files (x86)/atmel/studio/7.0/toolchain/avr8/avr8-gnu-toolchain/bin/../lib/gcc/avr/5.4.0/../../../../avr/lib/avr5\libm.a(fixunssfsi.o)
                0x0000308a                __fixunssfsi
 .text.avr-libc.fplib
                0x000030e8       0x7a c:/program files (x86)/atmel/studio/7.0/toolchain/avr8/avr8-gnu-toolchain/bin/../lib/gcc/avr/5.4.0/../../../../avr/lib/avr5\libm.a(floatsisf.o)
                0x000030e8                __floatunsisf
                0x000030ec                __floatsisf
 .text.avr-libc.fplib
                0x00003162       0x48 c:/program files (x86)/atmel/studio/7.0/toolchain/avr8/avr8-gnu-toolchain/bin/../lib/gcc/avr/5.4.0/../../../../avr/lib/avr5\libm.a(fp_cmp.o)
                0x00003162                __fp_cmp
 .text.avr-libc.fplib
                0x000031aa        0xc c:/program files (x86)/atmel/studio/7.0/toolchain/avr8/avr8-gnu-toolchain/bin/../lib/gcc/avr/5.4.0/../../../../avr/lib/avr5\libm.a(fp_inf.o)
                0x000031aa                __fp_inf
 .text.avr-libc.fplib
                0x000031b6        0x6 c:/program files (x86)/atmel/studio/7.0/toolchain/avr8/avr8-gnu-toolchain/bin/../lib/gcc/avr/5.4.0/../../../../avr/lib/avr5\libm.a(fp_nan.o)
                0x000031b6                __fp_nan
 .text.avr-libc.fplib
                0x000031bc        0xe c:/program files (x86)/atmel/studio/7.0/toolchain/avr8/avr8-gnu-toolchain/bin/../lib/gcc/avr/5.4.0/../../../../avr/lib/avr5\libm.a(fp_pscA.o)
                0x000031bc                __fp_pscA
 .text.avr-libc.fplib
                0x000031ca        0xe c:/program files (x86)/atmel/studio/7.0/toolchain/avr8/avr8-gnu-toolchain/bin/../lib/gcc/avr/5.4.0/../../../../avr/lib/avr5\libm.a(fp_pscB.o)
                0x000031ca                __fp_pscB
 .text.avr-libc.fplib
                0x000031d8       0x22 c:/program files (x86)/atmel/studio/7.0/toolchain/avr8/avr8-gnu-toolchain/bin/../lib/gcc/avr/5.4.0/../../../../avr/lib/avr5\libm.a(fp_round.o)
                0x000031d8                __fp_round
 .text.avr-libc.fplib
                0x000031fa       0x44 c:/program files (x86)/atmel/studio/7.0/toolchain/avr8/avr8-gnu-toolchain/bin/../lib/gcc/avr/5.4.0/../../../../avr/lib/avr5\libm.a(fp_split3.o)
                0x000031fa                __fp_split3
                0x0000320a                __fp_splitA
 .text.avr-libc.fplib
                0x0000323e        0xe c:/program files (x86)/atmel/studio/7.0/toolchain/avr8/avr8-gnu-toolchain/bin/../lib/gcc/avr/5.4.0/../../../../avr/lib/avr5\libm.a(fp_zero.o)
                0x0000323e                __fp_zero
                0x00003240                __fp_szero
 .text.avr-libc.fplib
                0x0000324c        0x8 c:/program files (x86)/atmel/studio/7.0/toolchain/avr8/avr8-gnu-toolchain/bin/../lib/gcc/avr/5.4.0/../../../../avr/lib/avr5\libm.a(mulsf3.o)
                0x0000324c                __mulsf3
 .text.avr-libc.fplib
                0x00003254       0xd2 c:/program files (x86)/atmel/studio/7.0/toolchain/avr8/avr8-gnu-toolchain/bin/../lib/gcc/avr/5.4.0/../../../../avr/lib/avr5\libm.a(mulsf3x.o)
                0x00003272                __mulsf3x
                0x00003278                __mulsf3_pse
 .text.libgcc.div
                0x00003326       0x44 c:/program files (x86)/atmel/studio/7.0/toolchain/avr8/avr8-gnu-toolchain/bin/../lib/gcc/avr/5.4.0/avr5\libgcc.a(_udivmodsi4.o)
                0x00003326                __udivmodsi4
 .text.libgcc.mul
                0x0000336a       0x1e c:/program files (x86)/atmel/studio/7.0/toolchain/avr8/avr8-gnu-toolchain/bin/../lib/gcc/avr/5.4.0/avr5\libgcc.a(_umulhisi3.o)
                0x0000336a                __umulhisi3
 .text.libgcc.mul
                0x00003388       0x16 c:/program files (x86)/atmel/studio/7.0/toolchain/avr8/avr8-gnu-toolchain/bin/../lib/gcc/avr/5.4.0/avr5\libgcc.a(_muluhisi3.o)
                0x00003388                __muluhisi3
 .text.libgcc.mul
                0x0000339e       0x10 c:/program files (x86)/atmel/studio/7.0/toolchain/avr8/avr8-gnu-toolchain/bin/../lib/gcc/avr/5.4.0/avr5\libgcc.a(_mulshisi3.o)
                0x0000339e                __mulshisi3
                0x000033a4                __mulohisi3
 .text.libgcc   0x000033ae        0xc c:/program files (x86)/atmel/studio/7.0/toolchain/avr8/avr8-gnu-toolchain/bin/../lib/gcc/avr/5.4.0/avr5\libgcc.a(_tablejump2.o)
                0x000033ae                __tablejump2__
 .text.avr-libc
                0x000033ba      0x242 c:/program files (x86)/atmel/studio/7.0/toolchain/avr8/avr8-gnu-toolchain/bin/../lib/gcc/avr/5.4.0/../../../../avr/lib/avr5\libc.a(malloc.o)
                0x000033ba                malloc
                0x000034ea                free
                0x000035fc                . = ALIGN (0x2)
 *(.fini9)
 .fini9         0x000035fc        0x0 c:/program files (x86)/atmel/studio/7.0/toolchain/avr8/avr8-gnu-toolchain/bin/../lib/gcc/avr/5.4.0/avr5\libgcc.a(_exit.o)
                0x000035fc                _exit
                0x000035fc                exit
 *(.fini9)
 *(.fini8)
 *(.fini8)
 *(.fini7)
 *(.fini7)
 *(.fini6)
 *(.fini6)
 *(.fini5)
 *(.fini5)
 *(.fini4)
 *(.fini4)
 *(.fini3)
 *(.fini3)
 *(.fini2)
 *(.fini2)
 *(.fini1)
 *(.fini1)
 *(.fini0)
 .fini0         0x000035fc        0x4 c:/program files (x86)/atmel/studio/7.0/toolchain/avr8/avr8-gnu-toolchain/bin/../lib/gcc/avr/5.4.0/avr5\libgcc.a(_exit.o)
 *(.fini0)
                0x00003600                _etext = .

.data           0x00800100      0x334 load address 0x00003600
                0x00800100                PROVIDE (__data_start, .)
 *(.data)
 .data          0x00800100        0x6 c:/program files (x86)/atmel/studio/7.0/toolchain/avr8/avr8-gnu-toolchain/bin/../lib/gcc/avr/5.4.0/../../../../avr/lib/avr5\libc.a(malloc.o)
                0x00800100                __malloc_heap_end
                0x00800102                __malloc_heap_start
                0x00800104                __malloc_margin
 *(.data*)
 .data.pcd8544_buffer
                0x00800106      0x1f8 Adafruit_PCD8544/Adafruit_PCD8544.o
                0x00800106                pcd8544_buffer
 .data.timeout_val
                0x008002fe        0x2 C:\Users\neutron\Dropbox\AVR\neo_arduino_core_101\neo_arduino_core_101\Release\libneo_arduino_core_101.a(i2c.o)
                0x008002fe                timeout_val
 *(.gnu.linkonce.d*)
 *(.rodata)
 *(.rodata*)
 .rodata._ZTV12Adafruit_GFX
                0x00800300       0x18 Adafruit_PCD8544/Adafruit_GFX.o
                0x00800300                _ZTV12Adafruit_GFX
 .rodata._ZTV16Adafruit_PCD8544
                0x00800318       0x18 Adafruit_PCD8544/Adafruit_PCD8544.o
                0x00800318                _ZTV16Adafruit_PCD8544
 .rodata.str1.1
                0x00800330       0xec main.o
                                 0xee (size before relaxing)
 .rodata._ZTV9fifo_byte
                0x0080041c        0x6 C:\Users\neutron\Dropbox\AVR\neo_arduino_core_101\neo_arduino_core_101\Release\libneo_arduino_core_101.a(fifo.o)
                0x0080041c                _ZTV9fifo_byte
 .rodata._ZTV14HardwareSerial
                0x00800422       0x10 C:\Users\neutron\Dropbox\AVR\neo_arduino_core_101\neo_arduino_core_101\Release\libneo_arduino_core_101.a(HardwareSerial.o)
                0x00800422                _ZTV14HardwareSerial
 .rodata.str1.1
                0x00800432        0x2 C:\Users\neutron\Dropbox\AVR\neo_arduino_core_101\neo_arduino_core_101\Release\libneo_arduino_core_101.a(Print.o)
 *(.gnu.linkonce.r*)
                0x00800434                . = ALIGN (0x2)
                0x00800434                _edata = .
                0x00800434                PROVIDE (__data_end, .)

.bss            0x00800434      0x10b
                0x00800434                PROVIDE (__bss_start, .)
 *(.bss)
 *(.bss*)
 .bss.disp_update_timestamp
                0x00800434        0x4 main.o
                0x00800434                disp_update_timestamp
 .bss.backspace_det
                0x00800438        0x1 main.o
                0x00800438                backspace_det
 .bss.lcd_bl    0x00800439        0x3 main.o
                0x00800439                lcd_bl
 .bss.lcd       0x0080043c       0x22 main.o
                0x0080043c                lcd
 .bss.ads       0x0080045e        0x5 main.o
                0x0080045e                ads
 .bss.ina       0x00800463       0x15 main.o
                0x00800463                ina
 .bss.PCINT_PORT_VAL
                0x00800478        0x3 Rotary_Encoder.o
                0x00800478                PCINT_PORT_VAL
 .bss.encPropsPerPCINT
                0x0080047b        0x6 Rotary_Encoder.o
                0x0080047b                encPropsPerPCINT
 .bss.Serial    0x00800481       0x23 C:\Users\neutron\Dropbox\AVR\neo_arduino_core_101\neo_arduino_core_101\Release\libneo_arduino_core_101.a(HardwareSerial.o)
                0x00800481                Serial
 .bss.overflow_count
                0x008004a4        0x2 C:\Users\neutron\Dropbox\AVR\neo_arduino_core_101\neo_arduino_core_101\Release\libneo_arduino_core_101.a(HardwareSerial.o)
                0x008004a4                overflow_count
 .bss.tx_buffer
                0x008004a6       0x44 C:\Users\neutron\Dropbox\AVR\neo_arduino_core_101\neo_arduino_core_101\Release\libneo_arduino_core_101.a(HardwareSerial.o)
                0x008004a6                tx_buffer
 .bss.rx_buffer
                0x008004ea       0x44 C:\Users\neutron\Dropbox\AVR\neo_arduino_core_101\neo_arduino_core_101\Release\libneo_arduino_core_101.a(HardwareSerial.o)
                0x008004ea                rx_buffer
 .bss.time_stamp
                0x0080052e        0x4 C:\Users\neutron\Dropbox\AVR\neo_arduino_core_101\neo_arduino_core_101\Release\libneo_arduino_core_101.a(i2c.o)
                0x0080052e                time_stamp
 .bss.timer0_fract
                0x00800532        0x1 C:\Users\neutron\Dropbox\AVR\neo_arduino_core_101\neo_arduino_core_101\Release\libneo_arduino_core_101.a(wiring.o)
 .bss.timer0_millis
                0x00800533        0x4 C:\Users\neutron\Dropbox\AVR\neo_arduino_core_101\neo_arduino_core_101\Release\libneo_arduino_core_101.a(wiring.o)
                0x00800533                timer0_millis
 .bss.timer0_overflow_count
                0x00800537        0x4 C:\Users\neutron\Dropbox\AVR\neo_arduino_core_101\neo_arduino_core_101\Release\libneo_arduino_core_101.a(wiring.o)
                0x00800537                timer0_overflow_count
 *(COMMON)
 COMMON         0x0080053b        0x4 c:/program files (x86)/atmel/studio/7.0/toolchain/avr8/avr8-gnu-toolchain/bin/../lib/gcc/avr/5.4.0/../../../../avr/lib/avr5\libc.a(malloc.o)
                0x0080053b                __brkval
                0x0080053d                __flp
                0x0080053f                PROVIDE (__bss_end, .)
                0x00003600                __data_load_start = LOADADDR (.data)
                0x00003934                __data_load_end = (__data_load_start + SIZEOF (.data))

.noinit         0x0080053f        0x0
                [!provide]                PROVIDE (__noinit_start, .)
 *(.noinit*)
                [!provide]                PROVIDE (__noinit_end, .)
                0x0080053f                _end = .
                0x0080053f                PROVIDE (__heap_start, .)

.eeprom         0x00810000        0x0
 *(.eeprom*)
                0x00810000                __eeprom_end = .

.fuse
 *(.fuse)
 *(.lfuse)
 *(.hfuse)
 *(.efuse)

.lock
 *(.lock*)

.signature
 *(.signature*)

.user_signatures
 *(.user_signatures*)

.stab
 *(.stab)

.stabstr
 *(.stabstr)

.stab.excl
 *(.stab.excl)

.stab.exclstr
 *(.stab.exclstr)

.stab.index
 *(.stab.index)

.stab.indexstr
 *(.stab.indexstr)

.comment        0x00000000       0x30
 *(.comment)
 .comment       0x00000000       0x30 Adafruit_PCD8544/Adafruit_GFX.o
                                 0x31 (size before relaxing)
 .comment       0x00000030       0x31 Adafruit_PCD8544/Adafruit_PCD8544.o
 .comment       0x00000030       0x31 ADS1115/Adafruit_ADS1015.o
 .comment       0x00000030       0x31 INA260/INA260.o
 .comment       0x00000030       0x31 main.o
 .comment       0x00000030       0x31 Rotary_Encoder.o
 .comment       0x00000030       0x31 C:\Users\neutron\Dropbox\AVR\neo_arduino_core_101\neo_arduino_core_101\Release\libneo_arduino_core_101.a(fifo.o)
 .comment       0x00000030       0x31 C:\Users\neutron\Dropbox\AVR\neo_arduino_core_101\neo_arduino_core_101\Release\libneo_arduino_core_101.a(GPIO.o)
 .comment       0x00000030       0x31 C:\Users\neutron\Dropbox\AVR\neo_arduino_core_101\neo_arduino_core_101\Release\libneo_arduino_core_101.a(HardwareSerial.o)
 .comment       0x00000030       0x31 C:\Users\neutron\Dropbox\AVR\neo_arduino_core_101\neo_arduino_core_101\Release\libneo_arduino_core_101.a(i2c.o)
 .comment       0x00000030       0x31 C:\Users\neutron\Dropbox\AVR\neo_arduino_core_101\neo_arduino_core_101\Release\libneo_arduino_core_101.a(new.o)
 .comment       0x00000030       0x31 C:\Users\neutron\Dropbox\AVR\neo_arduino_core_101\neo_arduino_core_101\Release\libneo_arduino_core_101.a(Print.o)
 .comment       0x00000030       0x31 C:\Users\neutron\Dropbox\AVR\neo_arduino_core_101\neo_arduino_core_101\Release\libneo_arduino_core_101.a(SPI.o)
 .comment       0x00000030       0x31 C:\Users\neutron\Dropbox\AVR\neo_arduino_core_101\neo_arduino_core_101\Release\libneo_arduino_core_101.a(wiring.o)
 .comment       0x00000030       0x31 C:\Users\neutron\Dropbox\AVR\neo_arduino_core_101\neo_arduino_core_101\Release\libneo_arduino_core_101.a(wiring_digital.o)
 .comment       0x00000030       0x31 c:/program files (x86)/atmel/studio/7.0/toolchain/avr8/avr8-gnu-toolchain/bin/../lib/gcc/avr/5.4.0/../../../../avr/lib/avr5\libc.a(malloc.o)

.note.gnu.avr.deviceinfo
                0x00000000       0x40
 .note.gnu.avr.deviceinfo
                0x00000000       0x40 C:/Program Files (x86)/Atmel/Studio/7.0/Packs/atmel/ATmega_DFP/1.2.209/gcc/dev/atmega328p/avr5/crtatmega328p.o

.note.gnu.build-id
 *(.note.gnu.build-id)

.debug
 *(.debug)

.line
 *(.line)

.debug_srcinfo
 *(.debug_srcinfo)

.debug_sfnames
 *(.debug_sfnames)

.debug_aranges
 *(.debug_aranges)

.debug_pubnames
 *(.debug_pubnames)

.debug_info     0x00000000      0x5f4
 *(.debug_info .gnu.linkonce.wi.*)
 .debug_info    0x00000000      0x5f4 C:/Program Files (x86)/Atmel/Studio/7.0/Packs/atmel/ATmega_DFP/1.2.209/gcc/dev/atmega328p/avr5/crtatmega328p.o

.debug_abbrev   0x00000000      0x5a2
 *(.debug_abbrev)
 .debug_abbrev  0x00000000      0x5a2 C:/Program Files (x86)/Atmel/Studio/7.0/Packs/atmel/ATmega_DFP/1.2.209/gcc/dev/atmega328p/avr5/crtatmega328p.o

.debug_line     0x00000000      0x133
 *(.debug_line .debug_line.* .debug_line_end)
 .debug_line    0x00000000      0x133 C:/Program Files (x86)/Atmel/Studio/7.0/Packs/atmel/ATmega_DFP/1.2.209/gcc/dev/atmega328p/avr5/crtatmega328p.o

.debug_frame
 *(.debug_frame)

.debug_str      0x00000000      0x208
 *(.debug_str)
 .debug_str     0x00000000      0x208 C:/Program Files (x86)/Atmel/Studio/7.0/Packs/atmel/ATmega_DFP/1.2.209/gcc/dev/atmega328p/avr5/crtatmega328p.o

.debug_loc
 *(.debug_loc)

.debug_macinfo
 *(.debug_macinfo)

.debug_weaknames
 *(.debug_weaknames)

.debug_funcnames
 *(.debug_funcnames)

.debug_typenames
 *(.debug_typenames)

.debug_varnames
 *(.debug_varnames)

.debug_pubtypes
 *(.debug_pubtypes)

.debug_ranges
 *(.debug_ranges)

.debug_macro
 *(.debug_macro)
OUTPUT(Digital_PSU.elf elf32-avr)
LOAD linker stubs
