Archive member included to satisfy reference by file (symbol)

C:\Users\neutron\Dropbox\AVR\neo_arduino_core_101\neo_arduino_core_101\Debug\libneo_arduino_core_101.a(GPIO.o)
                              main.o (_ZN4GPIO16setInputPullDownEv)
C:\Users\neutron\Dropbox\AVR\neo_arduino_core_101\neo_arduino_core_101\Debug\libneo_arduino_core_101.a(HardwareSerial.o)
                              main.o (Serial)
C:\Users\neutron\Dropbox\AVR\neo_arduino_core_101\neo_arduino_core_101\Debug\libneo_arduino_core_101.a(i2c.o)
                              main.o (_Z8i2c_initm)
C:\Users\neutron\Dropbox\AVR\neo_arduino_core_101\neo_arduino_core_101\Debug\libneo_arduino_core_101.a(Print.o)
                              C:\Users\neutron\Dropbox\AVR\neo_arduino_core_101\neo_arduino_core_101\Debug\libneo_arduino_core_101.a(HardwareSerial.o) (_ZN5Print5writeEPKhj)
C:\Users\neutron\Dropbox\AVR\neo_arduino_core_101\neo_arduino_core_101\Debug\libneo_arduino_core_101.a(wiring.o)
                              main.o (timer0_millis)
C:\Users\neutron\Dropbox\AVR\neo_arduino_core_101\neo_arduino_core_101\Debug\libneo_arduino_core_101.a(WString.o)
                              C:\Users\neutron\Dropbox\AVR\neo_arduino_core_101\neo_arduino_core_101\Debug\libneo_arduino_core_101.a(Print.o) (_ZNK6StringixEj)
C:\Users\neutron\Dropbox\AVR\neo_arduino_core_101\neo_arduino_core_101\Debug\libneo_arduino_core_101.a(new.o)
                              C:\Users\neutron\Dropbox\AVR\neo_arduino_core_101\neo_arduino_core_101\Debug\libneo_arduino_core_101.a(Print.o) (__cxa_pure_virtual)
c:/program files (x86)/atmel/studio/7.0/toolchain/avr8/avr8-gnu-toolchain/bin/../lib/gcc/avr/5.4.0/../../../../avr/lib/avr5\libm.a(addsf3.o)
                              C:\Users\neutron\Dropbox\AVR\neo_arduino_core_101\neo_arduino_core_101\Debug\libneo_arduino_core_101.a(Print.o) (__subsf3)
c:/program files (x86)/atmel/studio/7.0/toolchain/avr8/avr8-gnu-toolchain/bin/../lib/gcc/avr/5.4.0/../../../../avr/lib/avr5\libm.a(addsf3x.o)
                              c:/program files (x86)/atmel/studio/7.0/toolchain/avr8/avr8-gnu-toolchain/bin/../lib/gcc/avr/5.4.0/../../../../avr/lib/avr5\libm.a(addsf3.o) (__addsf3x)
c:/program files (x86)/atmel/studio/7.0/toolchain/avr8/avr8-gnu-toolchain/bin/../lib/gcc/avr/5.4.0/../../../../avr/lib/avr5\libm.a(cmpsf2.o)
                              C:\Users\neutron\Dropbox\AVR\neo_arduino_core_101\neo_arduino_core_101\Debug\libneo_arduino_core_101.a(Print.o) (__ltsf2)
c:/program files (x86)/atmel/studio/7.0/toolchain/avr8/avr8-gnu-toolchain/bin/../lib/gcc/avr/5.4.0/../../../../avr/lib/avr5\libm.a(divsf3.o)
                              C:\Users\neutron\Dropbox\AVR\neo_arduino_core_101\neo_arduino_core_101\Debug\libneo_arduino_core_101.a(Print.o) (__divsf3)
c:/program files (x86)/atmel/studio/7.0/toolchain/avr8/avr8-gnu-toolchain/bin/../lib/gcc/avr/5.4.0/../../../../avr/lib/avr5\libm.a(divsf3x.o)
                              c:/program files (x86)/atmel/studio/7.0/toolchain/avr8/avr8-gnu-toolchain/bin/../lib/gcc/avr/5.4.0/../../../../avr/lib/avr5\libm.a(divsf3.o) (__divsf3x)
c:/program files (x86)/atmel/studio/7.0/toolchain/avr8/avr8-gnu-toolchain/bin/../lib/gcc/avr/5.4.0/../../../../avr/lib/avr5\libm.a(fixsfsi.o)
                              C:\Users\neutron\Dropbox\AVR\neo_arduino_core_101\neo_arduino_core_101\Debug\libneo_arduino_core_101.a(Print.o) (__fixsfsi)
c:/program files (x86)/atmel/studio/7.0/toolchain/avr8/avr8-gnu-toolchain/bin/../lib/gcc/avr/5.4.0/../../../../avr/lib/avr5\libm.a(fixunssfsi.o)
                              C:\Users\neutron\Dropbox\AVR\neo_arduino_core_101\neo_arduino_core_101\Debug\libneo_arduino_core_101.a(Print.o) (__fixunssfsi)
c:/program files (x86)/atmel/studio/7.0/toolchain/avr8/avr8-gnu-toolchain/bin/../lib/gcc/avr/5.4.0/../../../../avr/lib/avr5\libm.a(floatsisf.o)
                              C:\Users\neutron\Dropbox\AVR\neo_arduino_core_101\neo_arduino_core_101\Debug\libneo_arduino_core_101.a(Print.o) (__floatunsisf)
c:/program files (x86)/atmel/studio/7.0/toolchain/avr8/avr8-gnu-toolchain/bin/../lib/gcc/avr/5.4.0/../../../../avr/lib/avr5\libm.a(fp_cmp.o)
                              c:/program files (x86)/atmel/studio/7.0/toolchain/avr8/avr8-gnu-toolchain/bin/../lib/gcc/avr/5.4.0/../../../../avr/lib/avr5\libm.a(cmpsf2.o) (__fp_cmp)
c:/program files (x86)/atmel/studio/7.0/toolchain/avr8/avr8-gnu-toolchain/bin/../lib/gcc/avr/5.4.0/../../../../avr/lib/avr5\libm.a(fp_inf.o)
                              c:/program files (x86)/atmel/studio/7.0/toolchain/avr8/avr8-gnu-toolchain/bin/../lib/gcc/avr/5.4.0/../../../../avr/lib/avr5\libm.a(addsf3x.o) (__fp_inf)
c:/program files (x86)/atmel/studio/7.0/toolchain/avr8/avr8-gnu-toolchain/bin/../lib/gcc/avr/5.4.0/../../../../avr/lib/avr5\libm.a(fp_nan.o)
[...]
Memory Configuration

Name             Origin             Length             Attributes
text             0x00000000         0x00020000         xr
data             0x00800060         0x0000ffa0         rw !x
eeprom           0x00810000         0x00010000         rw !x
fuse             0x00820000         0x00000003         rw !x
lock             0x00830000         0x00000400         rw !x
signature        0x00840000         0x00000400         rw !x
user_signatures  0x00850000         0x00000400         rw !x
*default*        0x00000000         0xffffffff

Linker script and memory map

Address of section .data set to 0x800100
LOAD C:/Program Files (x86)/Atmel/Studio/7.0/Packs/atmel/ATmega_DFP/1.2.209/gcc/dev/atmega328p/avr5/crtatmega328p.o
LOAD main.o
START GROUP
LOAD C:\Users\neutron\Dropbox\AVR\neo_arduino_core_101\neo_arduino_core_101\Debug\libneo_arduino_core_101.a
LOAD c:/program files (x86)/atmel/studio/7.0/toolchain/avr8/avr8-gnu-toolchain/bin/../lib/gcc/avr/5.4.0/../../../../avr/lib/avr5\libm.a
END GROUP
LOAD c:/program files (x86)/atmel/studio/7.0/toolchain/avr8/avr8-gnu-toolchain/bin/../lib/gcc/avr/5.4.0/avr5\libgcc.a
LOAD c:/program files (x86)/atmel/studio/7.0/toolchain/avr8/avr8-gnu-toolchain/bin/../lib/gcc/avr/5.4.0/../../../../avr/lib/avr5\libm.a
START GROUP
LOAD c:/program files (x86)/atmel/studio/7.0/toolchain/avr8/avr8-gnu-toolchain/bin/../lib/gcc/avr/5.4.0/avr5\libgcc.a
LOAD c:/program files (x86)/atmel/studio/7.0/toolchain/avr8/avr8-gnu-toolchain/bin/../lib/gcc/avr/5.4.0/../../../../avr/lib/avr5\libm.a
LOAD c:/program files (x86)/atmel/studio/7.0/toolchain/avr8/avr8-gnu-toolchain/bin/../lib/gcc/avr/5.4.0/../../../../avr/lib/avr5\libc.a
LOAD C:/Program Files (x86)/Atmel/Studio/7.0/Packs/atmel/ATmega_DFP/1.2.209/gcc/dev/atmega328p/avr5\libatmega328p.a
END GROUP
                0x00020000                __TEXT_REGION_LENGTH__ = DEFINED (__TEXT_REGION_LENGTH__)?__TEXT_REGION_LENGTH__:0x20000
                0x0000ffa0                __DATA_REGION_LENGTH__ = DEFINED (__DATA_REGION_LENGTH__)?__DATA_REGION_LENGTH__:0xffa0
                0x00010000                __EEPROM_REGION_LENGTH__ = DEFINED (__EEPROM_REGION_LENGTH__)?__EEPROM_REGION_LENGTH__:0x10000
                [0x00000003]                __FUSE_REGION_LENGTH__ = DEFINED (__FUSE_REGION_LENGTH__)?__FUSE_REGION_LENGTH__:0x400
                0x00000400                __LOCK_REGION_LENGTH__ = DEFINED (__LOCK_REGION_LENGTH__)?__LOCK_REGION_LENGTH__:0x400
                0x00000400                __SIGNATURE_REGION_LENGTH__ = DEFINED (__SIGNATURE_REGION_LENGTH__)?__SIGNATURE_REGION_LENGTH__:0x400
                0x00000400                __USER_SIGNATURE_REGION_LENGTH__ = DEFINED (__USER_SIGNATURE_REGION_LENGTH__)?__USER_SIGNATURE_REGION_LENGTH__:0x400

.hash
 *(.hash)

.dynsym
 *(.dynsym)

.dynstr
 *(.dynstr)

.gnu.version
 *(.gnu.version)

.gnu.version_d
 *(.gnu.version_d)

.gnu.version_r
 *(.gnu.version_r)

.rel.init
 *(.rel.init)

.rela.init
 *(.rela.init)

.rel.text
 *(.rel.text)
 *(.rel.text.*)
 *(.rel.gnu.linkonce.t*)

.rela.text
 *(.rela.text)
 *(.rela.text.*)
 *(.rela.gnu.linkonce.t*)

.rel.fini
 *(.rel.fini)

.rela.fini
 *(.rela.fini)

.rel.rodata
 *(.rel.rodata)
 *(.rel.rodata.*)
 *(.rel.gnu.linkonce.r*)

.rela.rodata
 *(.rela.rodata)
 *(.rela.rodata.*)
 *(.rela.gnu.linkonce.r*)

.rel.data
 *(.rel.data)
 *(.rel.data.*)
 *(.rel.gnu.linkonce.d*)

.rela.data
 *(.rela.data)
 *(.rela.data.*)
 *(.rela.gnu.linkonce.d*)

.rel.ctors
 *(.rel.ctors)

.rela.ctors
 *(.rela.ctors)

.rel.dtors
 *(.rel.dtors)

.rela.dtors
 *(.rela.dtors)

.rel.got
 *(.rel.got)

.rela.got
 *(.rela.got)

.rel.bss
 *(.rel.bss)

.rela.bss
 *(.rela.bss)

.rel.plt
 *(.rel.plt)

.rela.plt
 *(.rela.plt)

.text           0x00000000     0x1276
 *(.vectors)
 .vectors       0x00000000       0x68 C:/Program Files (x86)/Atmel/Studio/7.0/Packs/atmel/ATmega_DFP/1.2.209/gcc/dev/atmega328p/avr5/crtatmega328p.o
                0x00000000                __vector_default
                0x00000000                __vectors
 *(.vectors)
 *(.progmem.gcc*)
                0x00000068                . = ALIGN (0x2)
                0x00000068                __trampolines_start = .
 *(.trampolines)
 .trampolines   0x00000068        0x0 linker stubs
 *(.trampolines*)
                0x00000068                __trampolines_end = .
 *libprintf_flt.a:*(.progmem.data)
 *libc.a:*(.progmem.data)
 *(.progmem*)
 .progmem.data._ZZ12initPlatformvE3__c
                0x00000068       0x15 main.o
                0x0000007e                . = ALIGN (0x2)
 *fill*         0x0000007d        0x1 
 *(.jumptables)
 *(.jumptables*)
 *(.lowtext)
 *(.lowtext*)
                0x0000007e                __ctors_start = .
 *(.ctors)
 .ctors         0x0000007e        0x2 C:\Users\neutron\Dropbox\AVR\neo_arduino_core_101\neo_arduino_core_101\Debug\libneo_arduino_core_101.a(HardwareSerial.o)
                0x00000080                __ctors_end = .
                0x00000080                __dtors_start = .
 *(.dtors)
                0x00000080                __dtors_end = .
 SORT(*)(.ctors)
 SORT(*)(.dtors)
 *(.init0)
 .init0         0x00000080        0x0 C:/Program Files (x86)/Atmel/Studio/7.0/Packs/atmel/ATmega_DFP/1.2.209/gcc/dev/atmega328p/avr5/crtatmega328p.o
                0x00000080                __init
 *(.init0)
 *(.init1)
 *(.init1)
 *(.init2)
 .init2         0x00000080        0xc C:/Program Files (x86)/Atmel/Studio/7.0/Packs/atmel/ATmega_DFP/1.2.209/gcc/dev/atmega328p/avr5/crtatmega328p.o
 *(.init2)
 *(.init3)
 *(.init3)
 *(.init4)
 .init4         0x0000008c       0x16 c:/program files (x86)/atmel/studio/7.0/toolchain/avr8/avr8-gnu-toolchain/bin/../lib/gcc/avr/5.4.0/avr5\libgcc.a(_copy_data.o)
                0x0000008c                __do_copy_data
 .init4         0x000000a2       0x10 c:/program files (x86)/atmel/studio/7.0/toolchain/avr8/avr8-gnu-toolchain/bin/../lib/gcc/avr/5.4.0/avr5\libgcc.a(_clear_bss.o)
                0x000000a2                __do_clear_bss
 *(.init4)
 *(.init5)
 *(.init5)
 *(.init6)
 .init6         0x000000b2       0x16 c:/program files (x86)/atmel/studio/7.0/toolchain/avr8/avr8-gnu-toolchain/bin/../lib/gcc/avr/5.4.0/avr5\libgcc.a(_ctors.o)
                0x000000b2                __do_global_ctors
 *(.init6)
 *(.init7)
 *(.init7)
 *(.init8)
 *(.init8)
 *(.init9)
 .init9         0x000000c8        0x8 C:/Program Files (x86)/Atmel/Studio/7.0/Packs/atmel/ATmega_DFP/1.2.209/gcc/dev/atmega328p/avr5/crtatmega328p.o
 *(.init9)
 *(.text)
 .text          0x000000d0        0x4 C:/Program Files (x86)/Atmel/Studio/7.0/Packs/atmel/ATmega_DFP/1.2.209/gcc/dev/atmega328p/avr5/crtatmega328p.o
                0x000000d0                __vector_22
                0x000000d0                __vector_24
                0x000000d0                __vector_12
                0x000000d0                __bad_interrupt
                0x000000d0                __vector_6
                0x000000d0                __vector_3
                0x000000d0                __vector_23
                0x000000d0                __vector_25
                0x000000d0                __vector_11
                0x000000d0                __vector_13
                0x000000d0                __vector_17
                0x000000d0                __vector_7
                0x000000d0                __vector_5
                0x000000d0                __vector_4
                0x000000d0                __vector_9
                0x000000d0                __vector_2
                0x000000d0                __vector_21
                0x000000d0                __vector_15
                0x000000d0                __vector_8
                0x000000d0                __vector_14
                0x000000d0                __vector_10
                0x000000d0                __vector_20
                0x000000d4                . = ALIGN (0x2)
 *(.text.*)
 .text.loop     0x000000d4       0x82 main.o
                0x000000d4                loop
 .text.__vector_1
                0x00000156       0x14 main.o
                0x00000156                __vector_1
 .text._Z19i2c_internal_pullupb
                0x0000016a       0x60 main.o
                0x0000016a                _Z19i2c_internal_pullupb
 .text._Z12initPlatformv
                0x000001ca       0x34 main.o
                0x000001ca                _Z12initPlatformv
 .text.main     0x000001fe       0x48 main.o
                0x000001fe                main
 .text._ZN4GPIO11parsePinMapEh
                0x00000246       0x3c C:\Users\neutron\Dropbox\AVR\neo_arduino_core_101\neo_arduino_core_101\Debug\libneo_arduino_core_101.a(GPIO.o)
                0x00000246                _ZN4GPIO11parsePinMapEh
 .text._ZN4GPIO16setInputPullDownEv
                0x00000282       0x3c C:\Users\neutron\Dropbox\AVR\neo_arduino_core_101\neo_arduino_core_101\Debug\libneo_arduino_core_101.a(GPIO.o)
                0x00000282                _ZN4GPIO16setInputPullDownEv
 .text._ZN4GPIO14setInputPullUpEv
                0x000002be       0x3a C:\Users\neutron\Dropbox\AVR\neo_arduino_core_101\neo_arduino_core_101\Debug\libneo_arduino_core_101.a(GPIO.o)
                0x000002be                _ZN4GPIO14setInputPullUpEv
 .text._ZN4GPIOC2Eh
                0x000002f8        0x6 C:\Users\neutron\Dropbox\AVR\neo_arduino_core_101\neo_arduino_core_101\Debug\libneo_arduino_core_101.a(GPIO.o)
                0x000002f8                _ZN4GPIOC1Eh
                0x000002f8                _ZN4GPIOC2Eh
 .text._ZN14HardwareSerial9availableEv
                0x000002fe       0x20 C:\Users\neutron\Dropbox\AVR\neo_arduino_core_101\neo_arduino_core_101\Debug\libneo_arduino_core_101.a(HardwareSerial.o)
                0x000002fe                _ZN14HardwareSerial9availableEv
 .text._ZN14HardwareSerial4peekEv
                0x0000031e       0x32 C:\Users\neutron\Dropbox\AVR\neo_arduino_core_101\neo_arduino_core_101\Debug\libneo_arduino_core_101.a(HardwareSerial.o)
                0x0000031e                _ZN14HardwareSerial4peekEv
 .text._ZN14HardwareSerial4readEv
                0x00000350       0x42 C:\Users\neutron\Dropbox\AVR\neo_arduino_core_101\neo_arduino_core_101\Debug\libneo_arduino_core_101.a(HardwareSerial.o)
                0x00000350                _ZN14HardwareSerial4readEv
 .text._ZN14HardwareSerial5flushEv
                0x00000392       0x26 C:\Users\neutron\Dropbox\AVR\neo_arduino_core_101\neo_arduino_core_101\Debug\libneo_arduino_core_101.a(HardwareSerial.o)
                0x00000392                _ZN14HardwareSerial5flushEv
 .text._ZN14HardwareSerial5writeEh
                0x000003b8       0x8c C:\Users\neutron\Dropbox\AVR\neo_arduino_core_101\neo_arduino_core_101\Debug\libneo_arduino_core_101.a(HardwareSerial.o)
                0x000003b8                _ZN14HardwareSerial5writeEh
 .text._Z11serialEventv
                0x00000444        0x2 C:\Users\neutron\Dropbox\AVR\neo_arduino_core_101\neo_arduino_core_101\Debug\libneo_arduino_core_101.a(HardwareSerial.o)
                0x00000444                _Z11serialEventv
 .text.__vector_18
                0x00000446      0x13e C:\Users\neutron\Dropbox\AVR\neo_arduino_core_101\neo_arduino_core_101\Debug\libneo_arduino_core_101.a(HardwareSerial.o)
                0x00000446                __vector_18
 .text._Z14serialEventRunv
                0x00000584       0x12 C:\Users\neutron\Dropbox\AVR\neo_arduino_core_101\neo_arduino_core_101\Debug\libneo_arduino_core_101.a(HardwareSerial.o)
                0x00000584                _Z14serialEventRunv
 .text.__vector_19
                0x00000596       0x76 C:\Users\neutron\Dropbox\AVR\neo_arduino_core_101\neo_arduino_core_101\Debug\libneo_arduino_core_101.a(HardwareSerial.o)
                0x00000596                __vector_19
 .text._ZN14HardwareSerial16snoopModeDisableEv
                0x0000060c       0x22 C:\Users\neutron\Dropbox\AVR\neo_arduino_core_101\neo_arduino_core_101\Debug\libneo_arduino_core_101.a(HardwareSerial.o)
                0x0000060c                _ZN14HardwareSerial16snoopModeDisableEv
 .text._ZN14HardwareSerial5beginEm
                0x0000062e      0x112 C:\Users\neutron\Dropbox\AVR\neo_arduino_core_101\neo_arduino_core_101\Debug\libneo_arduino_core_101.a(HardwareSerial.o)
                0x0000062e                _ZN14HardwareSerial5beginEm
 .text._GLOBAL__sub_I_rx_buffer
                0x00000740       0x6e C:\Users\neutron\Dropbox\AVR\neo_arduino_core_101\neo_arduino_core_101\Debug\libneo_arduino_core_101.a(HardwareSerial.o)
 .text._Z8i2c_initm
                0x000007ae       0x46 C:\Users\neutron\Dropbox\AVR\neo_arduino_core_101\neo_arduino_core_101\Debug\libneo_arduino_core_101.a(i2c.o)
                0x000007ae                _Z8i2c_initm
 .text._ZN5Print5writeEPKhj
                0x000007f4       0x5a C:\Users\neutron\Dropbox\AVR\neo_arduino_core_101\neo_arduino_core_101\Debug\libneo_arduino_core_101.a(Print.o)
                0x000007f4                _ZN5Print5writeEPKhj
 .text._ZN5Print5printEPK19__FlashStringHelper
                0x0000084e       0x52 C:\Users\neutron\Dropbox\AVR\neo_arduino_core_101\neo_arduino_core_101\Debug\libneo_arduino_core_101.a(Print.o)
                0x0000084e                _ZN5Print5printEPK19__FlashStringHelper
 .text._ZN5Print5printEPKc
                0x000008a0       0x20 C:\Users\neutron\Dropbox\AVR\neo_arduino_core_101\neo_arduino_core_101\Debug\libneo_arduino_core_101.a(Print.o)
                0x000008a0                _ZN5Print5printEPKc
 .text._ZN5Print5printEc
                0x000008c0       0x10 C:\Users\neutron\Dropbox\AVR\neo_arduino_core_101\neo_arduino_core_101\Debug\libneo_arduino_core_101.a(Print.o)
                0x000008c0                _ZN5Print5printEc
 .text._ZN5Print7printlnEv
                0x000008d0       0x28 C:\Users\neutron\Dropbox\AVR\neo_arduino_core_101\neo_arduino_core_101\Debug\libneo_arduino_core_101.a(Print.o)
                0x000008d0                _ZN5Print7printlnEv
 .text._ZN5Print11printNumberEmh
                0x000008f8       0xda C:\Users\neutron\Dropbox\AVR\neo_arduino_core_101\neo_arduino_core_101\Debug\libneo_arduino_core_101.a(Print.o)
                0x000008f8                _ZN5Print11printNumberEmh
 .text._ZN5Print5printEli
                0x000009d2       0x78 C:\Users\neutron\Dropbox\AVR\neo_arduino_core_101\neo_arduino_core_101\Debug\libneo_arduino_core_101.a(Print.o)
                0x000009d2                _ZN5Print5printEli
 .text._ZN5Print5printEii
                0x00000a4a       0x10 C:\Users\neutron\Dropbox\AVR\neo_arduino_core_101\neo_arduino_core_101\Debug\libneo_arduino_core_101.a(Print.o)
                0x00000a4a                _ZN5Print5printEii
 .text._ZN5Print5printEmi
                0x00000a5a       0x1e C:\Users\neutron\Dropbox\AVR\neo_arduino_core_101\neo_arduino_core_101\Debug\libneo_arduino_core_101.a(Print.o)
                0x00000a5a                _ZN5Print5printEmi
 .text._ZN5Print10printFloatEdh
                0x00000a78      0x188 C:\Users\neutron\Dropbox\AVR\neo_arduino_core_101\neo_arduino_core_101\Debug\libneo_arduino_core_101.a(Print.o)
                0x00000a78                _ZN5Print10printFloatEdh
 .text._ZN5Print5printEdi
                0x00000c00        0x6 C:\Users\neutron\Dropbox\AVR\neo_arduino_core_101\neo_arduino_core_101\Debug\libneo_arduino_core_101.a(Print.o)
                0x00000c00                _ZN5Print5printEdi
 .text.__vector_16
                0x00000c06       0x94 C:\Users\neutron\Dropbox\AVR\neo_arduino_core_101\neo_arduino_core_101\Debug\libneo_arduino_core_101.a(wiring.o)
                0x00000c06                __vector_16
 .text.micros   0x00000c9a       0x4c C:\Users\neutron\Dropbox\AVR\neo_arduino_core_101\neo_arduino_core_101\Debug\libneo_arduino_core_101.a(wiring.o)
                0x00000c9a                micros
 .text.delay    0x00000ce6       0x54 C:\Users\neutron\Dropbox\AVR\neo_arduino_core_101\neo_arduino_core_101\Debug\libneo_arduino_core_101.a(wiring.o)
                0x00000ce6                delay
 .text.init     0x00000d3a       0x76 C:\Users\neutron\Dropbox\AVR\neo_arduino_core_101\neo_arduino_core_101\Debug\libneo_arduino_core_101.a(wiring.o)
                0x00000d3a                init
 .text.avr-libc.fplib
                0x00000db0        0xe c:/program files (x86)/atmel/studio/7.0/toolchain/avr8/avr8-gnu-toolchain/bin/../lib/gcc/avr/5.4.0/../../../../avr/lib/avr5\libm.a(addsf3.o)
                0x00000db0                __subsf3
                0x00000db2                __addsf3
 .text.avr-libc.fplib
                0x00000dbe       0xcc c:/program files (x86)/atmel/studio/7.0/toolchain/avr8/avr8-gnu-toolchain/bin/../lib/gcc/avr/5.4.0/../../../../avr/lib/avr5\libm.a(addsf3x.o)
                0x00000de0                __addsf3x
 .text.avr-libc.fplib
                0x00000e8a        0xa c:/program files (x86)/atmel/studio/7.0/toolchain/avr8/avr8-gnu-toolchain/bin/../lib/gcc/avr/5.4.0/../../../../avr/lib/avr5\libm.a(cmpsf2.o)
                0x00000e8a                __nesf2
                0x00000e8a                __eqsf2
                0x00000e8a                __cmpsf2
                0x00000e8a                __ltsf2
                0x00000e8a                __lesf2
 .text.avr-libc.fplib
                0x00000e94        0x8 c:/program files (x86)/atmel/studio/7.0/toolchain/avr8/avr8-gnu-toolchain/bin/../lib/gcc/avr/5.4.0/../../../../avr/lib/avr5\libm.a(divsf3.o)
                0x00000e94                __divsf3
 .text.avr-libc.fplib
                0x00000e9c       0xdc c:/program files (x86)/atmel/studio/7.0/toolchain/avr8/avr8-gnu-toolchain/bin/../lib/gcc/avr/5.4.0/../../../../avr/lib/avr5\libm.a(divsf3x.o)
                0x00000ebc                __divsf3x
                0x00000ec2                __divsf3_pse
 .text.avr-libc.fplib
                0x00000f78        0xe c:/program files (x86)/atmel/studio/7.0/toolchain/avr8/avr8-gnu-toolchain/bin/../lib/gcc/avr/5.4.0/../../../../avr/lib/avr5\libm.a(fixsfsi.o)
                0x00000f78                __fixsfsi
 .text.avr-libc.fplib
                0x00000f86       0x5e c:/program files (x86)/atmel/studio/7.0/toolchain/avr8/avr8-gnu-toolchain/bin/../lib/gcc/avr/5.4.0/../../../../avr/lib/avr5\libm.a(fixunssfsi.o)
                0x00000f86                __fixunssfsi
 .text.avr-libc.fplib
                0x00000fe4       0x7a c:/program files (x86)/atmel/studio/7.0/toolchain/avr8/avr8-gnu-toolchain/bin/../lib/gcc/avr/5.4.0/../../../../avr/lib/avr5\libm.a(floatsisf.o)
                0x00000fe4                __floatunsisf
                0x00000fe8                __floatsisf
 .text.avr-libc.fplib
                0x0000105e       0x48 c:/program files (x86)/atmel/studio/7.0/toolchain/avr8/avr8-gnu-toolchain/bin/../lib/gcc/avr/5.4.0/../../../../avr/lib/avr5\libm.a(fp_cmp.o)
                0x0000105e                __fp_cmp
 .text.avr-libc.fplib
                0x000010a6        0xc c:/program files (x86)/atmel/studio/7.0/toolchain/avr8/avr8-gnu-toolchain/bin/../lib/gcc/avr/5.4.0/../../../../avr/lib/avr5\libm.a(fp_inf.o)
                0x000010a6                __fp_inf
 .text.avr-libc.fplib
                0x000010b2        0x6 c:/program files (x86)/atmel/studio/7.0/toolchain/avr8/avr8-gnu-toolchain/bin/../lib/gcc/avr/5.4.0/../../../../avr/lib/avr5\libm.a(fp_nan.o)
                0x000010b2                __fp_nan
 .text.avr-libc.fplib
                0x000010b8        0xe c:/program files (x86)/atmel/studio/7.0/toolchain/avr8/avr8-gnu-toolchain/bin/../lib/gcc/avr/5.4.0/../../../../avr/lib/avr5\libm.a(fp_pscA.o)
                0x000010b8                __fp_pscA
 .text.avr-libc.fplib
                0x000010c6        0xe c:/program files (x86)/atmel/studio/7.0/toolchain/avr8/avr8-gnu-toolchain/bin/../lib/gcc/avr/5.4.0/../../../../avr/lib/avr5\libm.a(fp_pscB.o)
                0x000010c6                __fp_pscB
 .text.avr-libc.fplib
                0x000010d4       0x22 c:/program files (x86)/atmel/studio/7.0/toolchain/avr8/avr8-gnu-toolchain/bin/../lib/gcc/avr/5.4.0/../../../../avr/lib/avr5\libm.a(fp_round.o)
                0x000010d4                __fp_round
 .text.avr-libc.fplib
                0x000010f6       0x44 c:/program files (x86)/atmel/studio/7.0/toolchain/avr8/avr8-gnu-toolchain/bin/../lib/gcc/avr/5.4.0/../../../../avr/lib/avr5\libm.a(fp_split3.o)
                0x000010f6                __fp_split3
                0x00001106                __fp_splitA
 .text.avr-libc.fplib
                0x0000113a        0xe c:/program files (x86)/atmel/studio/7.0/toolchain/avr8/avr8-gnu-toolchain/bin/../lib/gcc/avr/5.4.0/../../../../avr/lib/avr5\libm.a(fp_zero.o)
                0x0000113a                __fp_zero
                0x0000113c                __fp_szero
 .text.avr-libc.fplib
                0x00001148        0x8 c:/program files (x86)/atmel/studio/7.0/toolchain/avr8/avr8-gnu-toolchain/bin/../lib/gcc/avr/5.4.0/../../../../avr/lib/avr5\libm.a(mulsf3.o)
                0x00001148                __mulsf3
 .text.avr-libc.fplib
                0x00001150       0xd2 c:/program files (x86)/atmel/studio/7.0/toolchain/avr8/avr8-gnu-toolchain/bin/../lib/gcc/avr/5.4.0/../../../../avr/lib/avr5\libm.a(mulsf3x.o)
                0x0000116e                __mulsf3x
                0x00001174                __mulsf3_pse
 .text.libgcc.div
                0x00001222       0x44 c:/program files (x86)/atmel/studio/7.0/toolchain/avr8/avr8-gnu-toolchain/bin/../lib/gcc/avr/5.4.0/avr5\libgcc.a(_udivmodsi4.o)
                0x00001222                __udivmodsi4
 .text.libgcc   0x00001266        0xc c:/program files (x86)/atmel/studio/7.0/toolchain/avr8/avr8-gnu-toolchain/bin/../lib/gcc/avr/5.4.0/avr5\libgcc.a(_tablejump2.o)
                0x00001266                __tablejump2__
                0x00001272                . = ALIGN (0x2)
 *(.fini9)
 .fini9         0x00001272        0x0 c:/program files (x86)/atmel/studio/7.0/toolchain/avr8/avr8-gnu-toolchain/bin/../lib/gcc/avr/5.4.0/avr5\libgcc.a(_exit.o)
                0x00001272                _exit
                0x00001272                exit
 *(.fini9)
 *(.fini8)
 *(.fini8)
 *(.fini7)
 *(.fini7)
 *(.fini6)
 *(.fini6)
 *(.fini5)
 *(.fini5)
 *(.fini4)
 *(.fini4)
 *(.fini3)
 *(.fini3)
 *(.fini2)
 *(.fini2)
 *(.fini1)
 *(.fini1)
 *(.fini0)
 .fini0         0x00001272        0x4 c:/program files (x86)/atmel/studio/7.0/toolchain/avr8/avr8-gnu-toolchain/bin/../lib/gcc/avr/5.4.0/avr5\libgcc.a(_exit.o)
 *(.fini0)
                0x00001276                _etext = .

.data           0x00800100       0x42 load address 0x00001276
                0x00800100                PROVIDE (__data_start, .)
 *(.data)
 *(.data*)
 *(.gnu.linkonce.d*)
 *(.rodata)
 *(.rodata*)
 .rodata.str1.1
                0x00800100       0x2f main.o
 .rodata._ZTV14HardwareSerial
                0x0080012f       0x10 C:\Users\neutron\Dropbox\AVR\neo_arduino_core_101\neo_arduino_core_101\Debug\libneo_arduino_core_101.a(HardwareSerial.o)
                0x0080012f                _ZTV14HardwareSerial
 .rodata.str1.1
                0x0080013f        0x2 C:\Users\neutron\Dropbox\AVR\neo_arduino_core_101\neo_arduino_core_101\Debug\libneo_arduino_core_101.a(Print.o)
 *(.gnu.linkonce.r*)
                0x00800142                . = ALIGN (0x2)
 *fill*         0x00800141        0x1 
                0x00800142                _edata = .
                0x00800142                PROVIDE (__data_end, .)

.bss            0x00800142       0xcc
                0x00800142                PROVIDE (__bss_start, .)
 *(.bss)
 *(.bss*)
 .bss.backspace_det
                0x00800142        0x1 main.o
                0x00800142                backspace_det
 .bss.ina       0x00800143       0x15 main.o
                0x00800143                ina
 .bss.Serial    0x00800158       0x23 C:\Users\neutron\Dropbox\AVR\neo_arduino_core_101\neo_arduino_core_101\Debug\libneo_arduino_core_101.a(HardwareSerial.o)
                0x00800158                Serial
 .bss.overflow_count
                0x0080017b        0x2 C:\Users\neutron\Dropbox\AVR\neo_arduino_core_101\neo_arduino_core_101\Debug\libneo_arduino_core_101.a(HardwareSerial.o)
                0x0080017b                overflow_count
 .bss.tx_buffer
                0x0080017d       0x44 C:\Users\neutron\Dropbox\AVR\neo_arduino_core_101\neo_arduino_core_101\Debug\libneo_arduino_core_101.a(HardwareSerial.o)
                0x0080017d                tx_buffer
 .bss.rx_buffer
                0x008001c1       0x44 C:\Users\neutron\Dropbox\AVR\neo_arduino_core_101\neo_arduino_core_101\Debug\libneo_arduino_core_101.a(HardwareSerial.o)
                0x008001c1                rx_buffer
 .bss.timer0_fract
                0x00800205        0x1 C:\Users\neutron\Dropbox\AVR\neo_arduino_core_101\neo_arduino_core_101\Debug\libneo_arduino_core_101.a(wiring.o)
 .bss.timer0_millis
                0x00800206        0x4 C:\Users\neutron\Dropbox\AVR\neo_arduino_core_101\neo_arduino_core_101\Debug\libneo_arduino_core_101.a(wiring.o)
                0x00800206                timer0_millis
 .bss.timer0_overflow_count
                0x0080020a        0x4 C:\Users\neutron\Dropbox\AVR\neo_arduino_core_101\neo_arduino_core_101\Debug\libneo_arduino_core_101.a(wiring.o)
                0x0080020a                timer0_overflow_count
 *(COMMON)
                0x0080020e                PROVIDE (__bss_end, .)
                0x00001276                __data_load_start = LOADADDR (.data)
                0x000012b8                __data_load_end = (__data_load_start + SIZEOF (.data))

.noinit         0x0080020e        0x0
                [!provide]                PROVIDE (__noinit_start, .)
 *(.noinit*)
                [!provide]                PROVIDE (__noinit_end, .)
                0x0080020e                _end = .
                0x0080020e                PROVIDE (__heap_start, .)

.eeprom         0x00810000        0x0
 *(.eeprom*)
                0x00810000                __eeprom_end = .

.fuse
 *(.fuse)
 *(.lfuse)
 *(.hfuse)
 *(.efuse)

.lock
 *(.lock*)

.signature
 *(.signature*)

.user_signatures
 *(.user_signatures*)

.stab
 *(.stab)

.stabstr
 *(.stabstr)

.stab.excl
 *(.stab.excl)

.stab.exclstr
 *(.stab.exclstr)

.stab.index
 *(.stab.index)

.stab.indexstr
 *(.stab.indexstr)

.comment        0x00000000       0x30
 *(.comment)
 .comment       0x00000000       0x30 main.o
                                 0x31 (size before relaxing)
 .comment       0x00000030       0x31 C:\Users\neutron\Dropbox\AVR\neo_arduino_core_101\neo_arduino_core_101\Debug\libneo_arduino_core_101.a(GPIO.o)
 .comment       0x00000030       0x31 C:\Users\neutron\Dropbox\AVR\neo_arduino_core_101\neo_arduino_core_101\Debug\libneo_arduino_core_101.a(HardwareSerial.o)
 .comment       0x00000030       0x31 C:\Users\neutron\Dropbox\AVR\neo_arduino_core_101\neo_arduino_core_101\Debug\libneo_arduino_core_101.a(i2c.o)
 .comment       0x00000030       0x31 C:\Users\neutron\Dropbox\AVR\neo_arduino_core_101\neo_arduino_core_101\Debug\libneo_arduino_core_101.a(Print.o)
 .comment       0x00000030       0x31 C:\Users\neutron\Dropbox\AVR\neo_arduino_core_101\neo_arduino_core_101\Debug\libneo_arduino_core_101.a(wiring.o)

.note.gnu.avr.deviceinfo
                0x00000000       0x40
 .note.gnu.avr.deviceinfo
                0x00000000       0x40 C:/Program Files (x86)/Atmel/Studio/7.0/Packs/atmel/ATmega_DFP/1.2.209/gcc/dev/atmega328p/avr5/crtatmega328p.o

.note.gnu.build-id
 *(.note.gnu.build-id)

.debug
 *(.debug)

.line
 *(.line)

.debug_srcinfo
 *(.debug_srcinfo)

.debug_sfnames
 *(.debug_sfnames)

.debug_aranges  0x00000000      0x348
 *(.debug_aranges)
 .debug_aranges
                0x00000000       0x60 main.o
 .debug_aranges
                0x00000060       0x68 C:\Users\neutron\Dropbox\AVR\neo_arduino_core_101\neo_arduino_core_101\Debug\libneo_arduino_core_101.a(GPIO.o)
 .debug_aranges
                0x000000c8       0xe0 C:\Users\neutron\Dropbox\AVR\neo_arduino_core_101\neo_arduino_core_101\Debug\libneo_arduino_core_101.a(HardwareSerial.o)
 .debug_aranges
                0x000001a8       0x70 C:\Users\neutron\Dropbox\AVR\neo_arduino_core_101\neo_arduino_core_101\Debug\libneo_arduino_core_101.a(i2c.o)
 .debug_aranges
                0x00000218       0xe8 C:\Users\neutron\Dropbox\AVR\neo_arduino_core_101\neo_arduino_core_101\Debug\libneo_arduino_core_101.a(Print.o)
 .debug_aranges
                0x00000300       0x48 C:\Users\neutron\Dropbox\AVR\neo_arduino_core_101\neo_arduino_core_101\Debug\libneo_arduino_core_101.a(wiring.o)

.debug_pubnames
 *(.debug_pubnames)

.debug_info     0x00000000     0x607a
 *(.debug_info .gnu.linkonce.wi.*)
 .debug_info    0x00000000      0x5f4 C:/Program Files (x86)/Atmel/Studio/7.0/Packs/atmel/ATmega_DFP/1.2.209/gcc/dev/atmega328p/avr5/crtatmega328p.o
 .debug_info    0x000005f4      0xe5c main.o
 .debug_info    0x00001450      0x440 C:\Users\neutron\Dropbox\AVR\neo_arduino_core_101\neo_arduino_core_101\Debug\libneo_arduino_core_101.a(GPIO.o)
 .debug_info    0x00001890     0x1e7a C:\Users\neutron\Dropbox\AVR\neo_arduino_core_101\neo_arduino_core_101\Debug\libneo_arduino_core_101.a(HardwareSerial.o)
 .debug_info    0x0000370a      0x59e C:\Users\neutron\Dropbox\AVR\neo_arduino_core_101\neo_arduino_core_101\Debug\libneo_arduino_core_101.a(i2c.o)
 .debug_info    0x00003ca8     0x2125 C:\Users\neutron\Dropbox\AVR\neo_arduino_core_101\neo_arduino_core_101\Debug\libneo_arduino_core_101.a(Print.o)
 .debug_info    0x00005dcd      0x2ad C:\Users\neutron\Dropbox\AVR\neo_arduino_core_101\neo_arduino_core_101\Debug\libneo_arduino_core_101.a(wiring.o)

.debug_abbrev   0x00000000     0x16ca
 *(.debug_abbrev)
 .debug_abbrev  0x00000000      0x5a2 C:/Program Files (x86)/Atmel/Studio/7.0/Packs/atmel/ATmega_DFP/1.2.209/gcc/dev/atmega328p/avr5/crtatmega328p.o
 .debug_abbrev  0x000005a2      0x3b0 main.o
 .debug_abbrev  0x00000952      0x1a2 C:\Users\neutron\Dropbox\AVR\neo_arduino_core_101\neo_arduino_core_101\Debug\libneo_arduino_core_101.a(GPIO.o)
 .debug_abbrev  0x00000af4      0x567 C:\Users\neutron\Dropbox\AVR\neo_arduino_core_101\neo_arduino_core_101\Debug\libneo_arduino_core_101.a(HardwareSerial.o)
 .debug_abbrev  0x0000105b      0x18c C:\Users\neutron\Dropbox\AVR\neo_arduino_core_101\neo_arduino_core_101\Debug\libneo_arduino_core_101.a(i2c.o)
 .debug_abbrev  0x000011e7      0x3af C:\Users\neutron\Dropbox\AVR\neo_arduino_core_101\neo_arduino_core_101\Debug\libneo_arduino_core_101.a(Print.o)
 .debug_abbrev  0x00001596      0x134 C:\Users\neutron\Dropbox\AVR\neo_arduino_core_101\neo_arduino_core_101\Debug\libneo_arduino_core_101.a(wiring.o)

.debug_line     0x00000000     0x187d
 *(.debug_line .debug_line.* .debug_line_end)
 .debug_line    0x00000000      0x133 C:/Program Files (x86)/Atmel/Studio/7.0/Packs/atmel/ATmega_DFP/1.2.209/gcc/dev/atmega328p/avr5/crtatmega328p.o
 .debug_line    0x00000133      0x3ed main.o
 .debug_line    0x00000520      0x1d2 C:\Users\neutron\Dropbox\AVR\neo_arduino_core_101\neo_arduino_core_101\Debug\libneo_arduino_core_101.a(GPIO.o)
 .debug_line    0x000006f2      0x64c C:\Users\neutron\Dropbox\AVR\neo_arduino_core_101\neo_arduino_core_101\Debug\libneo_arduino_core_101.a(HardwareSerial.o)
 .debug_line    0x00000d3e      0x333 C:\Users\neutron\Dropbox\AVR\neo_arduino_core_101\neo_arduino_core_101\Debug\libneo_arduino_core_101.a(i2c.o)
 .debug_line    0x00001071      0x5be C:\Users\neutron\Dropbox\AVR\neo_arduino_core_101\neo_arduino_core_101\Debug\libneo_arduino_core_101.a(Print.o)
 .debug_line    0x0000162f      0x24e C:\Users\neutron\Dropbox\AVR\neo_arduino_core_101\neo_arduino_core_101\Debug\libneo_arduino_core_101.a(wiring.o)

.debug_frame    0x00000000      0xa4c
 *(.debug_frame)
 .debug_frame   0x00000000       0xc8 main.o
 .debug_frame   0x000000c8       0xc0 C:\Users\neutron\Dropbox\AVR\neo_arduino_core_101\neo_arduino_core_101\Debug\libneo_arduino_core_101.a(GPIO.o)
 .debug_frame   0x00000188      0x2ac C:\Users\neutron\Dropbox\AVR\neo_arduino_core_101\neo_arduino_core_101\Debug\libneo_arduino_core_101.a(HardwareSerial.o)
 .debug_frame   0x00000434      0x178 C:\Users\neutron\Dropbox\AVR\neo_arduino_core_101\neo_arduino_core_101\Debug\libneo_arduino_core_101.a(i2c.o)
 .debug_frame   0x000005ac      0x3e4 C:\Users\neutron\Dropbox\AVR\neo_arduino_core_101\neo_arduino_core_101\Debug\libneo_arduino_core_101.a(Print.o)
 .debug_frame   0x00000990       0xbc C:\Users\neutron\Dropbox\AVR\neo_arduino_core_101\neo_arduino_core_101\Debug\libneo_arduino_core_101.a(wiring.o)

.debug_str      0x00000000     0x26bd
 *(.debug_str)
 .debug_str     0x00000000      0x208 C:/Program Files (x86)/Atmel/Studio/7.0/Packs/atmel/ATmega_DFP/1.2.209/gcc/dev/atmega328p/avr5/crtatmega328p.o
 .debug_str     0x00000208      0xedc main.o
                                0xfb1 (size before relaxing)
 .debug_str     0x000010e4       0x7e C:\Users\neutron\Dropbox\AVR\neo_arduino_core_101\neo_arduino_core_101\Debug\libneo_arduino_core_101.a(GPIO.o)
                                0x313 (size before relaxing)
 .debug_str     0x00001162      0xfb5 C:\Users\neutron\Dropbox\AVR\neo_arduino_core_101\neo_arduino_core_101\Debug\libneo_arduino_core_101.a(HardwareSerial.o)
                               0x12b1 (size before relaxing)
 .debug_str     0x00002117      0x174 C:\Users\neutron\Dropbox\AVR\neo_arduino_core_101\neo_arduino_core_101\Debug\libneo_arduino_core_101.a(i2c.o)
                                0x361 (size before relaxing)
 .debug_str     0x0000228b      0x33f C:\Users\neutron\Dropbox\AVR\neo_arduino_core_101\neo_arduino_core_101\Debug\libneo_arduino_core_101.a(Print.o)
                                0xdaa (size before relaxing)
 .debug_str     0x000025ca       0xf3 C:\Users\neutron\Dropbox\AVR\neo_arduino_core_101\neo_arduino_core_101\Debug\libneo_arduino_core_101.a(wiring.o)
                                0x20f (size before relaxing)

.debug_loc      0x00000000     0x30d3
 *(.debug_loc)
 .debug_loc     0x00000000       0xf8 main.o
 .debug_loc     0x000000f8      0x1e0 C:\Users\neutron\Dropbox\AVR\neo_arduino_core_101\neo_arduino_core_101\Debug\libneo_arduino_core_101.a(GPIO.o)
 .debug_loc     0x000002d8      0x822 C:\Users\neutron\Dropbox\AVR\neo_arduino_core_101\neo_arduino_core_101\Debug\libneo_arduino_core_101.a(HardwareSerial.o)
 .debug_loc     0x00000afa      0x5bb C:\Users\neutron\Dropbox\AVR\neo_arduino_core_101\neo_arduino_core_101\Debug\libneo_arduino_core_101.a(i2c.o)
 .debug_loc     0x000010b5     0x1df4 C:\Users\neutron\Dropbox\AVR\neo_arduino_core_101\neo_arduino_core_101\Debug\libneo_arduino_core_101.a(Print.o)
 .debug_loc     0x00002ea9      0x22a C:\Users\neutron\Dropbox\AVR\neo_arduino_core_101\neo_arduino_core_101\Debug\libneo_arduino_core_101.a(wiring.o)

.debug_macinfo
 *(.debug_macinfo)

.debug_weaknames
 *(.debug_weaknames)

.debug_funcnames
 *(.debug_funcnames)

.debug_typenames
 *(.debug_typenames)

.debug_varnames
 *(.debug_varnames)

.debug_pubtypes
 *(.debug_pubtypes)

.debug_ranges   0x00000000      0x300
 *(.debug_ranges)
 .debug_ranges  0x00000000       0x50 main.o
 .debug_ranges  0x00000050       0x58 C:\Users\neutron\Dropbox\AVR\neo_arduino_core_101\neo_arduino_core_101\Debug\libneo_arduino_core_101.a(GPIO.o)
 .debug_ranges  0x000000a8       0xd0 C:\Users\neutron\Dropbox\AVR\neo_arduino_core_101\neo_arduino_core_101\Debug\libneo_arduino_core_101.a(HardwareSerial.o)
 .debug_ranges  0x00000178       0x60 C:\Users\neutron\Dropbox\AVR\neo_arduino_core_101\neo_arduino_core_101\Debug\libneo_arduino_core_101.a(i2c.o)
 .debug_ranges  0x000001d8       0xf0 C:\Users\neutron\Dropbox\AVR\neo_arduino_core_101\neo_arduino_core_101\Debug\libneo_arduino_core_101.a(Print.o)
 .debug_ranges  0x000002c8       0x38 C:\Users\neutron\Dropbox\AVR\neo_arduino_core_101\neo_arduino_core_101\Debug\libneo_arduino_core_101.a(wiring.o)

.debug_macro
 *(.debug_macro)
OUTPUT(Digital_PSU.elf elf32-avr)
LOAD linker stubs
