Archive member included because of file (symbol)

../../../neo_arduino_core_101/neo_arduino_core_101/Release\libneo_arduino_core_101.a(Adafruit_SSD1306.o)
                              main.o (_ZN16Adafruit_SSD1306C1Ev)
../../../neo_arduino_core_101/neo_arduino_core_101/Release\libneo_arduino_core_101.a(GPIO.o)
                              main.o (_ZN4GPIO16setInputPullDownEv)
../../../neo_arduino_core_101/neo_arduino_core_101/Release\libneo_arduino_core_101.a(HardwareSerial.o)
                              main.o (Serial)
../../../neo_arduino_core_101/neo_arduino_core_101/Release\libneo_arduino_core_101.a(i2c.o)
                              main.o (_Z8i2c_initm)
../../../neo_arduino_core_101/neo_arduino_core_101/Release\libneo_arduino_core_101.a(new.o)
                              ../../../neo_arduino_core_101/neo_arduino_core_101/Release\libneo_arduino_core_101.a(HardwareSerial.o) (__cxa_pure_virtual)
../../../neo_arduino_core_101/neo_arduino_core_101/Release\libneo_arduino_core_101.a(Print.o)
                              ../../../neo_arduino_core_101/neo_arduino_core_101/Release\libneo_arduino_core_101.a(Adafruit_SSD1306.o) (_ZN5Print5writeEPKhj)
../../../neo_arduino_core_101/neo_arduino_core_101/Release\libneo_arduino_core_101.a(wiring.o)
                              main.o (timer0_millis)
../../../neo_arduino_core_101/neo_arduino_core_101/Release\libneo_arduino_core_101.a(WString.o)
                              ../../../neo_arduino_core_101/neo_arduino_core_101/Release\libneo_arduino_core_101.a(Print.o) (_ZNK6StringixEj)
../../../neo_arduino_core_101/neo_arduino_core_101/Release\libneo_arduino_core_101.a(Adafruit_GFX.o)
                              ../../../neo_arduino_core_101/neo_arduino_core_101/Release\libneo_arduino_core_101.a(Adafruit_SSD1306.o) (_ZN12Adafruit_GFX8drawLineEiiiij)
c:/program files/atmel/atmel toolchain/avr8 gcc/native/3.4.1061/avr8-gnu-toolchain/bin/../lib/gcc/avr/4.8.1/../../../../avr/lib/avr5\libm.a(addsf3.o)
                              ../../../neo_arduino_core_101/neo_arduino_core_101/Release\libneo_arduino_core_101.a(Print.o) (__subsf3)
c:/program files/atmel/atmel toolchain/avr8 gcc/native/3.4.1061/avr8-gnu-toolchain/bin/../lib/gcc/avr/4.8.1/../../../../avr/lib/avr5\libm.a(addsf3x.o)
                              c:/program files/atmel/atmel toolchain/avr8 gcc/native/3.4.1061/avr8-gnu-toolchain/bin/../lib/gcc/avr/4.8.1/../../../../avr/lib/avr5\libm.a(addsf3.o) (__addsf3x)
c:/program files/atmel/atmel toolchain/avr8 gcc/native/3.4.1061/avr8-gnu-toolchain/bin/../lib/gcc/avr/4.8.1/../../../../avr/lib/avr5\libm.a(cmpsf2.o)
                              ../../../neo_arduino_core_101/neo_arduino_core_101/Release\libneo_arduino_core_101.a(Print.o) (__ltsf2)
c:/program files/atmel/atmel toolchain/avr8 gcc/native/3.4.1061/avr8-gnu-toolchain/bin/../lib/gcc/avr/4.8.1/../../../../avr/lib/avr5\libm.a(divsf3.o)
                              ../../../neo_arduino_core_101/neo_arduino_core_101/Release\libneo_arduino_core_101.a(Print.o) (__divsf3)
c:/program files/atmel/atmel toolchain/avr8 gcc/native/3.4.1061/avr8-gnu-toolchain/bin/../lib/gcc/avr/4.8.1/../../../../avr/lib/avr5\libm.a(divsf3x.o)
                              c:/program files/atmel/atmel toolchain/avr8 gcc/native/3.4.1061/avr8-gnu-toolchain/bin/../lib/gcc/avr/4.8.1/../../../../avr/lib/avr5\libm.a(divsf3.o) (__divsf3x)
c:/program files/atmel/atmel toolchain/avr8 gcc/native/3.4.1061/avr8-gnu-toolchain/bin/../lib/gcc/avr/4.8.1/../../../../avr/lib/avr5\libm.a(fixsfsi.o)
                              ../../../neo_arduino_core_101/neo_arduino_core_101/Release\libneo_arduino_core_101.a(Print.o) (__fixsfsi)
c:/program files/atmel/atmel toolchain/avr8 gcc/native/3.4.1061/avr8-gnu-toolchain/bin/../lib/gcc/avr/4.8.1/../../../../avr/lib/avr5\libm.a(fixunssfsi.o)
                              ../../../neo_arduino_core_101/neo_arduino_core_101/Release\libneo_arduino_core_101.a(Print.o) (__fixunssfsi)
c:/program files/atmel/atmel toolchain/avr8 gcc/native/3.4.1061/avr8-gnu-toolchain/bin/../lib/gcc/avr/4.8.1/../../../../avr/lib/avr5\libm.a(floatsisf.o)
                              ../../../neo_arduino_core_101/neo_arduino_core_101/Release\libneo_arduino_core_101.a(Print.o) (__floatunsisf)
c:/program files/atmel/atmel toolchain/avr8 gcc/native/3.4.1061/avr8-gnu-toolchain/bin/../lib/gcc/avr/4.8.1/../../../../avr/lib/avr5\libm.a(fp_cmp.o)
                              c:/program files/atmel/atmel toolchain/avr8 gcc/native/3.4.1061/avr8-gnu-toolchain/bin/../lib/gcc/avr/4.8.1/../../../../avr/lib/avr5\libm.a(cmpsf2.o) (__fp_cmp)
c:/program files/atmel/atmel toolchain/avr8 gcc/native/3.4.1061/avr8-gnu-toolchain/bin/../lib/gcc/avr/4.8.1/../../../../avr/lib/avr5\libm.a(fp_inf.o)
                              c:/program files/atmel/atmel toolchain/avr8 gcc/native/3.4.1061/avr8-gnu-toolchain/bin/../lib/gcc/avr/4.8.1/../../../../avr/lib/avr5\libm.a(addsf3x.o) (__fp_inf)
[...]
Memory Configuration

Name             Origin             Length             Attributes
text             0x00000000         0x00020000         xr
data             0x00800060         0x0000ffa0         rw !x
eeprom           0x00810000         0x00010000         rw !x
fuse             0x00820000         0x00000400         rw !x
lock             0x00830000         0x00000400         rw !x
signature        0x00840000         0x00000400         rw !x
user_signatures  0x00850000         0x00000400         rw !x
*default*        0x00000000         0xffffffff

Linker script and memory map

Address of section .data set to 0x800100
LOAD c:/program files/atmel/atmel toolchain/avr8 gcc/native/3.4.1061/avr8-gnu-toolchain/bin/../lib/gcc/avr/4.8.1/../../../../avr/lib/avr5/crtm328p.o
LOAD main.o
START GROUP
LOAD ../../../neo_arduino_core_101/neo_arduino_core_101/Release\libneo_arduino_core_101.a
LOAD c:/program files/atmel/atmel toolchain/avr8 gcc/native/3.4.1061/avr8-gnu-toolchain/bin/../lib/gcc/avr/4.8.1/../../../../avr/lib/avr5\libm.a
END GROUP
LOAD c:/program files/atmel/atmel toolchain/avr8 gcc/native/3.4.1061/avr8-gnu-toolchain/bin/../lib/gcc/avr/4.8.1/avr5\libgcc.a
LOAD c:/program files/atmel/atmel toolchain/avr8 gcc/native/3.4.1061/avr8-gnu-toolchain/bin/../lib/gcc/avr/4.8.1/../../../../avr/lib/avr5\libm.a
START GROUP
LOAD c:/program files/atmel/atmel toolchain/avr8 gcc/native/3.4.1061/avr8-gnu-toolchain/bin/../lib/gcc/avr/4.8.1/avr5\libgcc.a
LOAD c:/program files/atmel/atmel toolchain/avr8 gcc/native/3.4.1061/avr8-gnu-toolchain/bin/../lib/gcc/avr/4.8.1/../../../../avr/lib/avr5\libm.a
LOAD c:/program files/atmel/atmel toolchain/avr8 gcc/native/3.4.1061/avr8-gnu-toolchain/bin/../lib/gcc/avr/4.8.1/../../../../avr/lib/avr5\libc.a
END GROUP

.hash
 *(.hash)

.dynsym
 *(.dynsym)

.dynstr
 *(.dynstr)

.gnu.version
 *(.gnu.version)

.gnu.version_d
 *(.gnu.version_d)

.gnu.version_r
 *(.gnu.version_r)

.rel.init
 *(.rel.init)

.rela.init
 *(.rela.init)

.rel.text
 *(.rel.text)
 *(.rel.text.*)
 *(.rel.gnu.linkonce.t*)

.rela.text
 *(.rela.text)
 *(.rela.text.*)
 *(.rela.gnu.linkonce.t*)

.rel.fini
 *(.rel.fini)

.rela.fini
 *(.rela.fini)

.rel.rodata
 *(.rel.rodata)
 *(.rel.rodata.*)
 *(.rel.gnu.linkonce.r*)

.rela.rodata
 *(.rela.rodata)
 *(.rela.rodata.*)
 *(.rela.gnu.linkonce.r*)

.rel.data
 *(.rel.data)
 *(.rel.data.*)
 *(.rel.gnu.linkonce.d*)

.rela.data
 *(.rela.data)
 *(.rela.data.*)
 *(.rela.gnu.linkonce.d*)

.rel.ctors
 *(.rel.ctors)

.rela.ctors
 *(.rela.ctors)

.rel.dtors
 *(.rel.dtors)

.rela.dtors
 *(.rela.dtors)

.rel.got
 *(.rel.got)

.rela.got
 *(.rela.got)

.rel.bss
 *(.rel.bss)

.rela.bss
 *(.rela.bss)

.rel.plt
 *(.rel.plt)

.rela.plt
 *(.rela.plt)

.text           0x00000000     0x1d56
 *(.vectors)
 .vectors       0x00000000       0x68 c:/program files/atmel/atmel toolchain/avr8 gcc/native/3.4.1061/avr8-gnu-toolchain/bin/../lib/gcc/avr/4.8.1/../../../../avr/lib/avr5/crtm328p.o
                0x00000000                __vector_default
                0x00000000                __vectors
 *(.vectors)
 *(.progmem.gcc*)
                0x00000068                . = ALIGN (0x2)
                0x00000068                __trampolines_start = .
 *(.trampolines)
 .trampolines   0x00000068        0x0 linker stubs
 *(.trampolines*)
                0x00000068                __trampolines_end = .
 *(.progmem*)
 .progmem.data._ZZ12initPlatformvE3__c
                0x00000068       0x15 main.o
 .progmem.data._ZL4font
                0x0000007d      0x4fb ../../../neo_arduino_core_101/neo_arduino_core_101/Release\libneo_arduino_core_101.a(Adafruit_GFX.o)
                0x00000578                . = ALIGN (0x2)
 *(.jumptables)
 *(.jumptables*)
 *(.lowtext)
 *(.lowtext*)
                0x00000578                __ctors_start = .
 *(.ctors)
 .ctors         0x00000578        0x2 main.o
 .ctors         0x0000057a        0x2 ../../../neo_arduino_core_101/neo_arduino_core_101/Release\libneo_arduino_core_101.a(HardwareSerial.o)
                0x0000057c                __ctors_end = .
                0x0000057c                __dtors_start = .
 *(.dtors)
                0x0000057c                __dtors_end = .
 SORT(*)(.ctors)
 SORT(*)(.dtors)
 *(.init0)
 .init0         0x0000057c        0x0 c:/program files/atmel/atmel toolchain/avr8 gcc/native/3.4.1061/avr8-gnu-toolchain/bin/../lib/gcc/avr/4.8.1/../../../../avr/lib/avr5/crtm328p.o
                0x0000057c                __init
 *(.init0)
 *(.init1)
 *(.init1)
 *(.init2)
 .init2         0x0000057c        0xc c:/program files/atmel/atmel toolchain/avr8 gcc/native/3.4.1061/avr8-gnu-toolchain/bin/../lib/gcc/avr/4.8.1/../../../../avr/lib/avr5/crtm328p.o
 *(.init2)
 *(.init3)
 *(.init3)
 *(.init4)
 .init4         0x00000588       0x16 c:/program files/atmel/atmel toolchain/avr8 gcc/native/3.4.1061/avr8-gnu-toolchain/bin/../lib/gcc/avr/4.8.1/avr5\libgcc.a(_copy_data.o)
                0x00000588                __do_copy_data
 .init4         0x0000059e       0x10 c:/program files/atmel/atmel toolchain/avr8 gcc/native/3.4.1061/avr8-gnu-toolchain/bin/../lib/gcc/avr/4.8.1/avr5\libgcc.a(_clear_bss.o)
                0x0000059e                __do_clear_bss
 *(.init4)
 *(.init5)
 *(.init5)
 *(.init6)
 .init6         0x000005ae       0x16 c:/program files/atmel/atmel toolchain/avr8 gcc/native/3.4.1061/avr8-gnu-toolchain/bin/../lib/gcc/avr/4.8.1/avr5\libgcc.a(_ctors.o)
                0x000005ae                __do_global_ctors
 *(.init6)
 *(.init7)
 *(.init7)
 *(.init8)
 *(.init8)
 *(.init9)
 .init9         0x000005c4        0x8 c:/program files/atmel/atmel toolchain/avr8 gcc/native/3.4.1061/avr8-gnu-toolchain/bin/../lib/gcc/avr/4.8.1/../../../../avr/lib/avr5/crtm328p.o
 *(.init9)
 *(.text)
 .text          0x000005cc        0x4 c:/program files/atmel/atmel toolchain/avr8 gcc/native/3.4.1061/avr8-gnu-toolchain/bin/../lib/gcc/avr/4.8.1/../../../../avr/lib/avr5/crtm328p.o
                0x000005cc                __vector_22
                0x000005cc                __vector_24
                0x000005cc                __vector_12
                0x000005cc                __bad_interrupt
                0x000005cc                __vector_6
                0x000005cc                __vector_3
                0x000005cc                __vector_23
                0x000005cc                __vector_25
                0x000005cc                __vector_11
                0x000005cc                __vector_13
                0x000005cc                __vector_17
                0x000005cc                __vector_7
                0x000005cc                __vector_5
                0x000005cc                __vector_4
                0x000005cc                __vector_9
                0x000005cc                __vector_2
                0x000005cc                __vector_21
                0x000005cc                __vector_15
                0x000005cc                __vector_8
                0x000005cc                __vector_14
                0x000005cc                __vector_10
                0x000005cc                __vector_20
                0x000005d0                . = ALIGN (0x2)
 *(.text.*)
 .text.__vector_1
                0x000005d0       0x14 main.o
                0x000005d0                __vector_1
 .text._Z19i2c_internal_pullupb
                0x000005e4       0x5c main.o
                0x000005e4                _Z19i2c_internal_pullupb
 .text._Z12initPlatformv
                0x00000640       0x4a main.o
                0x00000640                _Z12initPlatformv
 .text.startup.main
                0x0000068a       0x28 main.o
                0x0000068a                main
 .text.startup._GLOBAL__sub_I_lcd
                0x000006b2        0x8 main.o
 .text._ZN16Adafruit_SSD130613drawFastHLineEiiij
                0x000006ba      0x270 ../../../neo_arduino_core_101/neo_arduino_core_101/Release\libneo_arduino_core_101.a(Adafruit_SSD1306.o)
                0x000006ba                _ZN16Adafruit_SSD130613drawFastHLineEiiij
 .text._ZN16Adafruit_SSD130613drawFastVLineEiiij
                0x0000092a      0x276 ../../../neo_arduino_core_101/neo_arduino_core_101/Release\libneo_arduino_core_101.a(Adafruit_SSD1306.o)
                0x0000092a                _ZN16Adafruit_SSD130613drawFastVLineEiiij
 .text._ZN16Adafruit_SSD13069drawPixelEiij
                0x00000ba0      0x16e ../../../neo_arduino_core_101/neo_arduino_core_101/Release\libneo_arduino_core_101.a(Adafruit_SSD1306.o)
                0x00000ba0                _ZN16Adafruit_SSD13069drawPixelEiij
 .text._ZN16Adafruit_SSD1306C2Ev
                0x00000d0e       0x2a ../../../neo_arduino_core_101/neo_arduino_core_101/Release\libneo_arduino_core_101.a(Adafruit_SSD1306.o)
                0x00000d0e                _ZN16Adafruit_SSD1306C2Ev
                0x00000d0e                _ZN16Adafruit_SSD1306C1Ev
 .text._ZN16Adafruit_SSD130615ssd1306_commandEh
                0x00000d38       0x26 ../../../neo_arduino_core_101/neo_arduino_core_101/Release\libneo_arduino_core_101.a(Adafruit_SSD1306.o)
                0x00000d38                _ZN16Adafruit_SSD130615ssd1306_commandEh
 .text._ZN16Adafruit_SSD13065beginEhhb
                0x00000d5e      0x100 ../../../neo_arduino_core_101/neo_arduino_core_101/Release\libneo_arduino_core_101.a(Adafruit_SSD1306.o)
                0x00000d5e                _ZN16Adafruit_SSD13065beginEhhb
 .text._ZN16Adafruit_SSD130613invertDisplayEh
                0x00000e5e        0xe ../../../neo_arduino_core_101/neo_arduino_core_101/Release\libneo_arduino_core_101.a(Adafruit_SSD1306.o)
                0x00000e5e                _ZN16Adafruit_SSD130613invertDisplayEh
 .text._ZN16Adafruit_SSD13063dimEh
                0x00000e6c       0x32 ../../../neo_arduino_core_101/neo_arduino_core_101/Release\libneo_arduino_core_101.a(Adafruit_SSD1306.o)
                0x00000e6c                _ZN16Adafruit_SSD13063dimEh
 .text._ZN4GPIO11parsePinMapEh
                0x00000e9e       0x32 ../../../neo_arduino_core_101/neo_arduino_core_101/Release\libneo_arduino_core_101.a(GPIO.o)
                0x00000e9e                _ZN4GPIO11parsePinMapEh
 .text._ZN4GPIO16setInputPullDownEv
                0x00000ed0       0x3a ../../../neo_arduino_core_101/neo_arduino_core_101/Release\libneo_arduino_core_101.a(GPIO.o)
                0x00000ed0                _ZN4GPIO16setInputPullDownEv
 .text._ZN4GPIO14setInputPullUpEv
                0x00000f0a       0x38 ../../../neo_arduino_core_101/neo_arduino_core_101/Release\libneo_arduino_core_101.a(GPIO.o)
                0x00000f0a                _ZN4GPIO14setInputPullUpEv
 .text._ZN4GPIOC2Eh
                0x00000f42        0x4 ../../../neo_arduino_core_101/neo_arduino_core_101/Release\libneo_arduino_core_101.a(GPIO.o)
                0x00000f42                _ZN4GPIOC1Eh
                0x00000f42                _ZN4GPIOC2Eh
 .text._ZN14HardwareSerial9availableEv
                0x00000f46       0x20 ../../../neo_arduino_core_101/neo_arduino_core_101/Release\libneo_arduino_core_101.a(HardwareSerial.o)
                0x00000f46                _ZN14HardwareSerial9availableEv
 .text._ZN14HardwareSerial4peekEv
                0x00000f66       0x32 ../../../neo_arduino_core_101/neo_arduino_core_101/Release\libneo_arduino_core_101.a(HardwareSerial.o)
                0x00000f66                _ZN14HardwareSerial4peekEv
 .text._ZN14HardwareSerial4readEv
                0x00000f98       0x40 ../../../neo_arduino_core_101/neo_arduino_core_101/Release\libneo_arduino_core_101.a(HardwareSerial.o)
                0x00000f98                _ZN14HardwareSerial4readEv
 .text._ZN14HardwareSerial5flushEv
                0x00000fd8       0x24 ../../../neo_arduino_core_101/neo_arduino_core_101/Release\libneo_arduino_core_101.a(HardwareSerial.o)
                0x00000fd8                _ZN14HardwareSerial5flushEv
 .text._ZN14HardwareSerial5writeEh
                0x00000ffc       0x78 ../../../neo_arduino_core_101/neo_arduino_core_101/Release\libneo_arduino_core_101.a(HardwareSerial.o)
                0x00000ffc                _ZN14HardwareSerial5writeEh
 .text._Z11serialEventv
                0x00001074        0x2 ../../../neo_arduino_core_101/neo_arduino_core_101/Release\libneo_arduino_core_101.a(HardwareSerial.o)
                0x00001074                _Z11serialEventv
 .text.__vector_18
                0x00001076      0x12c ../../../neo_arduino_core_101/neo_arduino_core_101/Release\libneo_arduino_core_101.a(HardwareSerial.o)
                0x00001076                __vector_18
 .text._Z14serialEventRunv
                0x000011a2       0x12 ../../../neo_arduino_core_101/neo_arduino_core_101/Release\libneo_arduino_core_101.a(HardwareSerial.o)
                0x000011a2                _Z14serialEventRunv
 .text.__vector_19
                0x000011b4       0x76 ../../../neo_arduino_core_101/neo_arduino_core_101/Release\libneo_arduino_core_101.a(HardwareSerial.o)
                0x000011b4                __vector_19
 .text._ZN14HardwareSerial16snoopModeDisableEv
                0x0000122a       0x20 ../../../neo_arduino_core_101/neo_arduino_core_101/Release\libneo_arduino_core_101.a(HardwareSerial.o)
                0x0000122a                _ZN14HardwareSerial16snoopModeDisableEv
 .text._ZN14HardwareSerial5beginEm
                0x0000124a      0x10a ../../../neo_arduino_core_101/neo_arduino_core_101/Release\libneo_arduino_core_101.a(HardwareSerial.o)
                0x0000124a                _ZN14HardwareSerial5beginEm
 .text.startup._GLOBAL__sub_I_rx_buffer
                0x00001354       0xa0 ../../../neo_arduino_core_101/neo_arduino_core_101/Release\libneo_arduino_core_101.a(HardwareSerial.o)
 .text._Z8i2c_initm
                0x000013f4       0x40 ../../../neo_arduino_core_101/neo_arduino_core_101/Release\libneo_arduino_core_101.a(i2c.o)
                0x000013f4                _Z8i2c_initm
 .text._Z9i2c_startv
                0x00001434       0x74 ../../../neo_arduino_core_101/neo_arduino_core_101/Release\libneo_arduino_core_101.a(i2c.o)
                0x00001434                _Z9i2c_startv
 .text._Z12i2c_transmith
                0x000014a8       0x74 ../../../neo_arduino_core_101/neo_arduino_core_101/Release\libneo_arduino_core_101.a(i2c.o)
                0x000014a8                _Z12i2c_transmith
 .text._Z12i2c_tx_sla_wh
                0x0000151c        0x6 ../../../neo_arduino_core_101/neo_arduino_core_101/Release\libneo_arduino_core_101.a(i2c.o)
                0x0000151c                _Z12i2c_tx_sla_wh
 .text._Z9i2c_writehhPhh
                0x00001522       0x6a ../../../neo_arduino_core_101/neo_arduino_core_101/Release\libneo_arduino_core_101.a(i2c.o)
                0x00001522                _Z9i2c_writehhPhh
 .text.__cxa_pure_virtual
                0x0000158c        0x2 ../../../neo_arduino_core_101/neo_arduino_core_101/Release\libneo_arduino_core_101.a(new.o)
                0x0000158c                __cxa_pure_virtual
 .text._ZN5Print5writeEPKhj
                0x0000158e       0x50 ../../../neo_arduino_core_101/neo_arduino_core_101/Release\libneo_arduino_core_101.a(Print.o)
                0x0000158e                _ZN5Print5writeEPKhj
 .text._ZN5Print5printEPK19__FlashStringHelper
                0x000015de       0x4a ../../../neo_arduino_core_101/neo_arduino_core_101/Release\libneo_arduino_core_101.a(Print.o)
                0x000015de                _ZN5Print5printEPK19__FlashStringHelper
 .text.__vector_16
                0x00001628       0x94 ../../../neo_arduino_core_101/neo_arduino_core_101/Release\libneo_arduino_core_101.a(wiring.o)
                0x00001628                __vector_16
 .text.millis   0x000016bc       0x18 ../../../neo_arduino_core_101/neo_arduino_core_101/Release\libneo_arduino_core_101.a(wiring.o)
                0x000016bc                millis
 .text.init     0x000016d4       0x76 ../../../neo_arduino_core_101/neo_arduino_core_101/Release\libneo_arduino_core_101.a(wiring.o)
                0x000016d4                init
 .text._ZN12Adafruit_GFX8drawLineEiiiij
                0x0000174a      0x16e ../../../neo_arduino_core_101/neo_arduino_core_101/Release\libneo_arduino_core_101.a(Adafruit_GFX.o)
                0x0000174a                _ZN12Adafruit_GFX8drawLineEiiiij
 .text._ZN12Adafruit_GFX8drawRectEiiiij
                0x000018b8       0x9e ../../../neo_arduino_core_101/neo_arduino_core_101/Release\libneo_arduino_core_101.a(Adafruit_GFX.o)
                0x000018b8                _ZN12Adafruit_GFX8drawRectEiiiij
 .text._ZN12Adafruit_GFX13drawFastVLineEiiij
                0x00001956       0x2e ../../../neo_arduino_core_101/neo_arduino_core_101/Release\libneo_arduino_core_101.a(Adafruit_GFX.o)
                0x00001956                _ZN12Adafruit_GFX13drawFastVLineEiiij
 .text._ZN12Adafruit_GFX13drawFastHLineEiiij
                0x00001984       0x2c ../../../neo_arduino_core_101/neo_arduino_core_101/Release\libneo_arduino_core_101.a(Adafruit_GFX.o)
                0x00001984                _ZN12Adafruit_GFX13drawFastHLineEiiij
 .text._ZN12Adafruit_GFX8fillRectEiiiij
                0x000019b0       0x6a ../../../neo_arduino_core_101/neo_arduino_core_101/Release\libneo_arduino_core_101.a(Adafruit_GFX.o)
                0x000019b0                _ZN12Adafruit_GFX8fillRectEiiiij
 .text._ZN12Adafruit_GFX10fillScreenEj
                0x00001a1a       0x3c ../../../neo_arduino_core_101/neo_arduino_core_101/Release\libneo_arduino_core_101.a(Adafruit_GFX.o)
                0x00001a1a                _ZN12Adafruit_GFX10fillScreenEj
 .text._ZN12Adafruit_GFX13invertDisplayEh
                0x00001a56        0x2 ../../../neo_arduino_core_101/neo_arduino_core_101/Release\libneo_arduino_core_101.a(Adafruit_GFX.o)
                0x00001a56                _ZN12Adafruit_GFX13invertDisplayEh
 .text._ZN12Adafruit_GFXC2Eii
                0x00001a58       0x3c ../../../neo_arduino_core_101/neo_arduino_core_101/Release\libneo_arduino_core_101.a(Adafruit_GFX.o)
                0x00001a58                _ZN12Adafruit_GFXC2Eii
                0x00001a58                _ZN12Adafruit_GFXC1Eii
 .text._ZN12Adafruit_GFX8drawCharEiihjjh
                0x00001a94      0x1b0 ../../../neo_arduino_core_101/neo_arduino_core_101/Release\libneo_arduino_core_101.a(Adafruit_GFX.o)
                0x00001a94                _ZN12Adafruit_GFX8drawCharEiihjjh
 .text._ZN12Adafruit_GFX5writeEh
                0x00001c44       0xa8 ../../../neo_arduino_core_101/neo_arduino_core_101/Release\libneo_arduino_core_101.a(Adafruit_GFX.o)
                0x00001c44                _ZN12Adafruit_GFX5writeEh
 .text._ZNK12Adafruit_GFX11getRotationEv
                0x00001cec        0x6 ../../../neo_arduino_core_101/neo_arduino_core_101/Release\libneo_arduino_core_101.a(Adafruit_GFX.o)
                0x00001cec                _ZNK12Adafruit_GFX11getRotationEv
 .text._ZNK12Adafruit_GFX5widthEv
                0x00001cf2        0x8 ../../../neo_arduino_core_101/neo_arduino_core_101/Release\libneo_arduino_core_101.a(Adafruit_GFX.o)
                0x00001cf2                _ZNK12Adafruit_GFX5widthEv
 .text._ZNK12Adafruit_GFX6heightEv
                0x00001cfa        0x8 ../../../neo_arduino_core_101/neo_arduino_core_101/Release\libneo_arduino_core_101.a(Adafruit_GFX.o)
                0x00001cfa                _ZNK12Adafruit_GFX6heightEv
 .text.libgcc.div
                0x00001d02       0x44 c:/program files/atmel/atmel toolchain/avr8 gcc/native/3.4.1061/avr8-gnu-toolchain/bin/../lib/gcc/avr/4.8.1/avr5\libgcc.a(_udivmodsi4.o)
                0x00001d02                __udivmodsi4
 .text.libgcc   0x00001d46        0xc c:/program files/atmel/atmel toolchain/avr8 gcc/native/3.4.1061/avr8-gnu-toolchain/bin/../lib/gcc/avr/4.8.1/avr5\libgcc.a(_tablejump.o)
                0x00001d46                __tablejump2__
                0x00001d4a                __tablejump__
                0x00001d52                . = ALIGN (0x2)
 *(.fini9)
 .fini9         0x00001d52        0x0 c:/program files/atmel/atmel toolchain/avr8 gcc/native/3.4.1061/avr8-gnu-toolchain/bin/../lib/gcc/avr/4.8.1/avr5\libgcc.a(_exit.o)
                0x00001d52                _exit
                0x00001d52                exit
 *(.fini9)
 *(.fini8)
 *(.fini8)
 *(.fini7)
 *(.fini7)
 *(.fini6)
 *(.fini6)
 *(.fini5)
 *(.fini5)
 *(.fini4)
 *(.fini4)
 *(.fini3)
 *(.fini3)
 *(.fini2)
 *(.fini2)
 *(.fini1)
 *(.fini1)
 *(.fini0)
 .fini0         0x00001d52        0x4 c:/program files/atmel/atmel toolchain/avr8 gcc/native/3.4.1061/avr8-gnu-toolchain/bin/../lib/gcc/avr/4.8.1/avr5\libgcc.a(_exit.o)
 *(.fini0)
                0x00001d56                _etext = .

.data           0x00800100      0x452 load address 0x00001d56
                0x00800100                PROVIDE (__data_start, .)
 *(.data)
 *(.data*)
 .data._ZZN16Adafruit_SSD130621drawFastVLineInternalEiiijE8postmask
                0x00800100        0x8 ../../../neo_arduino_core_101/neo_arduino_core_101/Release\libneo_arduino_core_101.a(Adafruit_SSD1306.o)
                0x00800100                _ZZN16Adafruit_SSD130621drawFastVLineInternalEiiijE8postmask
 .data._ZZN16Adafruit_SSD130621drawFastVLineInternalEiiijE7premask
                0x00800108        0x8 ../../../neo_arduino_core_101/neo_arduino_core_101/Release\libneo_arduino_core_101.a(Adafruit_SSD1306.o)
                0x00800108                _ZZN16Adafruit_SSD130621drawFastVLineInternalEiiijE7premask
 .data._ZL6buffer
                0x00800110      0x400 ../../../neo_arduino_core_101/neo_arduino_core_101/Release\libneo_arduino_core_101.a(Adafruit_SSD1306.o)
 .data.timeout_val
                0x00800510        0x2 ../../../neo_arduino_core_101/neo_arduino_core_101/Release\libneo_arduino_core_101.a(i2c.o)
                0x00800510                timeout_val
 *(.rodata)
 *(.rodata*)
 .rodata._ZTV16Adafruit_SSD1306
                0x00800512       0x18 ../../../neo_arduino_core_101/neo_arduino_core_101/Release\libneo_arduino_core_101.a(Adafruit_SSD1306.o)
                0x00800512                _ZTV16Adafruit_SSD1306
 .rodata._ZTV14HardwareSerial
                0x0080052a       0x10 ../../../neo_arduino_core_101/neo_arduino_core_101/Release\libneo_arduino_core_101.a(HardwareSerial.o)
                0x0080052a                _ZTV14HardwareSerial
 .rodata._ZTV12Adafruit_GFX
                0x0080053a       0x18 ../../../neo_arduino_core_101/neo_arduino_core_101/Release\libneo_arduino_core_101.a(Adafruit_GFX.o)
                0x0080053a                _ZTV12Adafruit_GFX
 *(.gnu.linkonce.d*)
                0x00800552                . = ALIGN (0x2)
                0x00800552                _edata = .
                0x00800552                PROVIDE (__data_end, .)

.bss            0x00800552       0xe6
                0x00800552                PROVIDE (__bss_start, .)
 *(.bss)
 *(.bss*)
 .bss.backspace_det
                0x00800552        0x1 main.o
                0x00800552                backspace_det
 .bss.lcd       0x00800553       0x2b main.o
                0x00800553                lcd
 .bss.Serial    0x0080057e       0x23 ../../../neo_arduino_core_101/neo_arduino_core_101/Release\libneo_arduino_core_101.a(HardwareSerial.o)
                0x0080057e                Serial
 .bss.overflow_count
                0x008005a1        0x2 ../../../neo_arduino_core_101/neo_arduino_core_101/Release\libneo_arduino_core_101.a(HardwareSerial.o)
                0x008005a1                overflow_count
 .bss.tx_buffer
                0x008005a3       0x44 ../../../neo_arduino_core_101/neo_arduino_core_101/Release\libneo_arduino_core_101.a(HardwareSerial.o)
                0x008005a3                tx_buffer
 .bss.rx_buffer
                0x008005e7       0x44 ../../../neo_arduino_core_101/neo_arduino_core_101/Release\libneo_arduino_core_101.a(HardwareSerial.o)
                0x008005e7                rx_buffer
 .bss.time_stamp
                0x0080062b        0x4 ../../../neo_arduino_core_101/neo_arduino_core_101/Release\libneo_arduino_core_101.a(i2c.o)
                0x0080062b                time_stamp
 .bss.timer0_fract
                0x0080062f        0x1 ../../../neo_arduino_core_101/neo_arduino_core_101/Release\libneo_arduino_core_101.a(wiring.o)
 .bss.timer0_millis
                0x00800630        0x4 ../../../neo_arduino_core_101/neo_arduino_core_101/Release\libneo_arduino_core_101.a(wiring.o)
                0x00800630                timer0_millis
 .bss.timer0_overflow_count
                0x00800634        0x4 ../../../neo_arduino_core_101/neo_arduino_core_101/Release\libneo_arduino_core_101.a(wiring.o)
                0x00800634                timer0_overflow_count
 *(COMMON)
                0x00800638                PROVIDE (__bss_end, .)
                0x00001d56                __data_load_start = LOADADDR (.data)
                0x000021a8                __data_load_end = (__data_load_start + SIZEOF (.data))

.noinit         0x00800638        0x0
                0x00800638                PROVIDE (__noinit_start, .)
 *(.noinit*)
                0x00800638                PROVIDE (__noinit_end, .)
                0x00800638                _end = .
                0x00800638                PROVIDE (__heap_start, .)

.eeprom         0x00810000        0x0
 *(.eeprom*)
                0x00810000                __eeprom_end = .

.fuse
 *(.fuse)
 *(.lfuse)
 *(.hfuse)
 *(.efuse)

.lock
 *(.lock*)

.signature
 *(.signature*)

.user_signatures
 *(.user_signatures*)

.stab
 *(.stab)

.stabstr
 *(.stabstr)

.stab.excl
 *(.stab.excl)

.stab.exclstr
 *(.stab.exclstr)

.stab.index
 *(.stab.index)

.stab.indexstr
 *(.stab.indexstr)

.comment        0x00000000       0x30
 *(.comment)
 .comment       0x00000000       0x30 main.o
                                 0x31 (size before relaxing)
 .comment       0x00000000       0x31 ../../../neo_arduino_core_101/neo_arduino_core_101/Release\libneo_arduino_core_101.a(Adafruit_SSD1306.o)
 .comment       0x00000000       0x31 ../../../neo_arduino_core_101/neo_arduino_core_101/Release\libneo_arduino_core_101.a(GPIO.o)
 .comment       0x00000000       0x31 ../../../neo_arduino_core_101/neo_arduino_core_101/Release\libneo_arduino_core_101.a(HardwareSerial.o)
 .comment       0x00000000       0x31 ../../../neo_arduino_core_101/neo_arduino_core_101/Release\libneo_arduino_core_101.a(i2c.o)
 .comment       0x00000000       0x31 ../../../neo_arduino_core_101/neo_arduino_core_101/Release\libneo_arduino_core_101.a(new.o)
 .comment       0x00000000       0x31 ../../../neo_arduino_core_101/neo_arduino_core_101/Release\libneo_arduino_core_101.a(Print.o)
 .comment       0x00000000       0x31 ../../../neo_arduino_core_101/neo_arduino_core_101/Release\libneo_arduino_core_101.a(wiring.o)
 .comment       0x00000000       0x31 ../../../neo_arduino_core_101/neo_arduino_core_101/Release\libneo_arduino_core_101.a(Adafruit_GFX.o)

.note.gnu.build-id
 *(.note.gnu.build-id)

.debug
 *(.debug)

.line
 *(.line)

.debug_srcinfo
 *(.debug_srcinfo)

.debug_sfnames
 *(.debug_sfnames)

.debug_aranges
 *(.debug_aranges)

.debug_pubnames
 *(.debug_pubnames)

.debug_info
 *(.debug_info .gnu.linkonce.wi.*)

.debug_abbrev
 *(.debug_abbrev)

.debug_line
 *(.debug_line .debug_line.* .debug_line_end)

.debug_frame
 *(.debug_frame)

.debug_str
 *(.debug_str)

.debug_loc
 *(.debug_loc)

.debug_macinfo
 *(.debug_macinfo)

.debug_weaknames
 *(.debug_weaknames)

.debug_funcnames
 *(.debug_funcnames)

.debug_typenames
 *(.debug_typenames)

.debug_varnames
 *(.debug_varnames)

.debug_pubtypes
 *(.debug_pubtypes)

.debug_ranges
 *(.debug_ranges)

.debug_macro
 *(.debug_macro)
OUTPUT(neo_arduino_core_proj_template.elf elf32-avr)
LOAD linker stubs
